Component: ARM Compiler 5.06 update 6 (build 750) Tool: armlink [4d35ed]

==============================================================================

Section Cross References

    startup_stm32h743xx.o(RESET) refers to startup_stm32h743xx.o(STACK) for __initial_sp
    startup_stm32h743xx.o(RESET) refers to startup_stm32h743xx.o(.text) for Reset_Handler
    startup_stm32h743xx.o(RESET) refers to stm32h7xx_it.o(i.NMI_Handler) for NMI_Handler
    startup_stm32h743xx.o(RESET) refers to stm32h7xx_it.o(i.HardFault_Handler) for HardFault_Handler
    startup_stm32h743xx.o(RESET) refers to stm32h7xx_it.o(i.MemManage_Handler) for MemManage_Handler
    startup_stm32h743xx.o(RESET) refers to stm32h7xx_it.o(i.BusFault_Handler) for BusFault_Handler
    startup_stm32h743xx.o(RESET) refers to stm32h7xx_it.o(i.UsageFault_Handler) for UsageFault_Handler
    startup_stm32h743xx.o(RESET) refers to stm32h7xx_it.o(i.SVC_Handler) for SVC_Handler
    startup_stm32h743xx.o(RESET) refers to stm32h7xx_it.o(i.DebugMon_Handler) for DebugMon_Handler
    startup_stm32h743xx.o(RESET) refers to stm32h7xx_it.o(i.PendSV_Handler) for PendSV_Handler
    startup_stm32h743xx.o(RESET) refers to stm32h7xx_it.o(i.SysTick_Handler) for SysTick_Handler
    startup_stm32h743xx.o(RESET) refers to stm32h7xx_it.o(i.DMA1_Stream0_IRQHandler) for DMA1_Stream0_IRQHandler
    startup_stm32h743xx.o(RESET) refers to stm32h7xx_it.o(i.DMA1_Stream1_IRQHandler) for DMA1_Stream1_IRQHandler
    startup_stm32h743xx.o(RESET) refers to stm32h7xx_it.o(i.DMA1_Stream2_IRQHandler) for DMA1_Stream2_IRQHandler
    startup_stm32h743xx.o(RESET) refers to stm32h7xx_it.o(i.ADC_IRQHandler) for ADC_IRQHandler
    startup_stm32h743xx.o(RESET) refers to stm32h7xx_it.o(i.TIM2_IRQHandler) for TIM2_IRQHandler
    startup_stm32h743xx.o(RESET) refers to stm32h7xx_it.o(i.I2C2_EV_IRQHandler) for I2C2_EV_IRQHandler
    startup_stm32h743xx.o(RESET) refers to stm32h7xx_it.o(i.USART1_IRQHandler) for USART1_IRQHandler
    startup_stm32h743xx.o(.text) refers to system_stm32h7xx.o(i.SystemInit) for SystemInit
    startup_stm32h743xx.o(.text) refers to entry.o(.ARM.Collect$$$$00000000) for __main
    user.o(i.ADC_Process) refers to stm32h7xx_hal_tim.o(i.HAL_TIM_Base_Stop) for HAL_TIM_Base_Stop
    user.o(i.ADC_Process) refers to stm32h7xx_hal_adc.o(i.HAL_ADC_Stop_DMA) for HAL_ADC_Stop_DMA
    user.o(i.ADC_Process) refers to oled.o(i.OLED_Clear) for OLED_Clear
    user.o(i.ADC_Process) refers to oled.o(i.OLED_DrawPoint) for OLED_DrawPoint
    user.o(i.ADC_Process) refers to stm32h7xx_hal_adc.o(i.HAL_ADC_Start_DMA) for HAL_ADC_Start_DMA
    user.o(i.ADC_Process) refers to stm32h7xx_hal_tim.o(i.HAL_TIM_Base_Start) for HAL_TIM_Base_Start
    user.o(i.ADC_Process) refers to oled.o(i.OLED_ShowFloatNum) for OLED_ShowFloatNum
    user.o(i.ADC_Process) refers to main.o(.data) for ADC_state
    user.o(i.ADC_Process) refers to tim.o(.bss) for htim6
    user.o(i.ADC_Process) refers to adc.o(.bss) for hadc1
    user.o(i.DAC_PWM_Process) refers to stm32h7xx_hal_dac.o(i.HAL_DAC_Start_DMA) for HAL_DAC_Start_DMA
    user.o(i.DAC_PWM_Process) refers to stm32h7xx_hal_tim.o(i.HAL_TIM_Base_Start) for HAL_TIM_Base_Start
    user.o(i.DAC_PWM_Process) refers to user.o(i.PWMWave_Generate) for PWMWave_Generate
    user.o(i.DAC_PWM_Process) refers to user.o(.data) for Wave_Config
    user.o(i.DAC_PWM_Process) refers to user.o(.RAM_D1) for SinWave_Data
    user.o(i.DAC_PWM_Process) refers to dac.o(.bss) for hdac1
    user.o(i.DAC_PWM_Process) refers to tim.o(.bss) for htim4
    user.o(i.Duty_Set) refers to user.o(i.Check_str) for Check_str
    user.o(i.Duty_Set) refers to pow.o(i.__hardfp_pow) for __hardfp_pow
    user.o(i.Duty_Set) refers to user.o(.constdata) for Duty
    user.o(i.Duty_Set) refers to user.o(.bss) for USRT_Rx_Buff
    user.o(i.Duty_Set) refers to user.o(.data) for Wave_Config
    user.o(i.Freq_Set) refers to user.o(i.Check_str) for Check_str
    user.o(i.Freq_Set) refers to pow.o(i.__hardfp_pow) for __hardfp_pow
    user.o(i.Freq_Set) refers to user.o(.constdata) for Freq
    user.o(i.Freq_Set) refers to user.o(.bss) for USRT_Rx_Buff
    user.o(i.Freq_Set) refers to user.o(.data) for Wave_Config
    user.o(i.HAL_UARTEx_ReceiveToIdle_DMA) refers to stm32h7xx_hal_uart.o(i.HAL_UART_Receive_DMA) for HAL_UART_Receive_DMA
    user.o(i.PWMWave_Generate) refers to user.o(.data) for Wave_Config
    user.o(i.SinWave_Generate) refers to sin.o(i.__hardfp_sin) for __hardfp_sin
    user.o(i.TIM2_Process) refers to malloc.o(i.malloc) for malloc
    user.o(i.TIM2_Process) refers to user.o(i.TIM_SUM) for TIM_SUM
    user.o(i.TIM2_Process) refers to stm32h7xx_hal_tim.o(i.HAL_TIM_IC_Start_DMA) for HAL_TIM_IC_Start_DMA
    user.o(i.TIM2_Process) refers to oled.o(i.OLED_ShowNum) for OLED_ShowNum
    user.o(i.TIM2_Process) refers to malloc.o(i.free) for free
    user.o(i.TIM2_Process) refers to main.o(.data) for Tim_State
    user.o(i.TIM2_Process) refers to tim.o(.bss) for htim2
[...]
    STACK                                    0x24001040   Section     1024  startup_stm32h743xx.o(STACK)

    Global Symbols

    Symbol Name                              Value     Ov Type        Size  Object(Section)

    BuildAttributes$$THM_ISAv4$E$P$D$K$B$S$7EM$VFPv5_D16$PE$PLD8$A:L22UL41UL21$X:L11$S22US41US21$IEEE1$IW$USESV6$~STKCKD$USESV7$~SHL$OTIME$ROPI$IEEEX$EBA8$MICROLIB$REQ8$PRES8$EABIv2 0x00000000   Number         0  anon$$obj.o ABSOLUTE
    __ARM_use_no_argv                        0x00000000   Number         0  main.o ABSOLUTE
    __cpp_initialize__aeabi_                  - Undefined Weak Reference
    __cxa_finalize                            - Undefined Weak Reference
    _clock_init                               - Undefined Weak Reference
    _microlib_exit                            - Undefined Weak Reference
    __Vectors_Size                           0x00000298   Number         0  startup_stm32h743xx.o ABSOLUTE
    __Vectors                                0x08000000   Data           4  startup_stm32h743xx.o(RESET)
    __Vectors_End                            0x08000298   Data           0  startup_stm32h743xx.o(RESET)
    __main                                   0x08000299   Thumb Code     0  entry.o(.ARM.Collect$$$$00000000)
    _main_stk                                0x08000299   Thumb Code     0  entry2.o(.ARM.Collect$$$$00000001)
    _main_scatterload                        0x0800029d   Thumb Code     0  entry5.o(.ARM.Collect$$$$00000004)
    __main_after_scatterload                 0x080002a1   Thumb Code     0  entry5.o(.ARM.Collect$$$$00000004)
    _main_clock                              0x080002a1   Thumb Code     0  entry7b.o(.ARM.Collect$$$$00000008)
    _main_cpp_init                           0x080002a1   Thumb Code     0  entry8b.o(.ARM.Collect$$$$0000000A)
    _main_init                               0x080002a1   Thumb Code     0  entry9a.o(.ARM.Collect$$$$0000000B)
    __rt_final_cpp                           0x080002a9   Thumb Code     0  entry10a.o(.ARM.Collect$$$$0000000D)
    __rt_final_exit                          0x080002a9   Thumb Code     0  entry11a.o(.ARM.Collect$$$$0000000F)
    Reset_Handler                            0x080002ad   Thumb Code     8  startup_stm32h743xx.o(.text)
    ADC3_IRQHandler                          0x080002c7   Thumb Code     0  startup_stm32h743xx.o(.text)
    BDMA_Channel0_IRQHandler                 0x080002c7   Thumb Code     0  startup_stm32h743xx.o(.text)
    BDMA_Channel1_IRQHandler                 0x080002c7   Thumb Code     0  startup_stm32h743xx.o(.text)
    BDMA_Channel2_IRQHandler                 0x080002c7   Thumb Code     0  startup_stm32h743xx.o(.text)
    BDMA_Channel3_IRQHandler                 0x080002c7   Thumb Code     0  startup_stm32h743xx.o(.text)
    BDMA_Channel4_IRQHandler                 0x080002c7   Thumb Code     0  startup_stm32h743xx.o(.text)
    BDMA_Channel5_IRQHandler                 0x080002c7   Thumb Code     0  startup_stm32h743xx.o(.text)
    BDMA_Channel6_IRQHandler                 0x080002c7   Thumb Code     0  startup_stm32h743xx.o(.text)
    BDMA_Channel7_IRQHandler                 0x080002c7   Thumb Code     0  startup_stm32h743xx.o(.text)
    CEC_IRQHandler                           0x080002c7   Thumb Code     0  startup_stm32h743xx.o(.text)
    COMP1_IRQHandler                         0x080002c7   Thumb Code     0  startup_stm32h743xx.o(.text)
    CRS_IRQHandler                           0x080002c7   Thumb Code     0  startup_stm32h743xx.o(.text)
    DCMI_IRQHandler                          0x080002c7   Thumb Code     0  startup_stm32h743xx.o(.text)
    DFSDM1_FLT0_IRQHandler                   0x080002c7   Thumb Code     0  startup_stm32h743xx.o(.text)
    DFSDM1_FLT1_IRQHandler                   0x080002c7   Thumb Code     0  startup_stm32h743xx.o(.text)
    DFSDM1_FLT2_IRQHandler                   0x080002c7   Thumb Code     0  startup_stm32h743xx.o(.text)
    DFSDM1_FLT3_IRQHandler                   0x080002c7   Thumb Code     0  startup_stm32h743xx.o(.text)
    DMA1_Stream3_IRQHandler                  0x080002c7   Thumb Code     0  startup_stm32h743xx.o(.text)
    DMA1_Stream4_IRQHandler                  0x080002c7   Thumb Code     0  startup_stm32h743xx.o(.text)
    DMA1_Stream5_IRQHandler                  0x080002c7   Thumb Code     0  startup_stm32h743xx.o(.text)
    DMA1_Stream6_IRQHandler                  0x080002c7   Thumb Code     0  startup_stm32h743xx.o(.text)
    DMA1_Stream7_IRQHandler                  0x080002c7   Thumb Code     0  startup_stm32h743xx.o(.text)
    DMA2D_IRQHandler                         0x080002c7   Thumb Code     0  startup_stm32h743xx.o(.text)
    DMA2_Stream0_IRQHandler                  0x080002c7   Thumb Code     0  startup_stm32h743xx.o(.text)
    DMA2_Stream1_IRQHandler                  0x080002c7   Thumb Code     0  startup_stm32h743xx.o(.text)
    DMA2_Stream2_IRQHandler                  0x080002c7   Thumb Code     0  startup_stm32h743xx.o(.text)
    DMA2_Stream3_IRQHandler                  0x080002c7   Thumb Code     0  startup_stm32h743xx.o(.text)
    DMA2_Stream4_IRQHandler                  0x080002c7   Thumb Code     0  startup_stm32h743xx.o(.text)
    DMA2_Stream5_IRQHandler                  0x080002c7   Thumb Code     0  startup_stm32h743xx.o(.text)
    DMA2_Stream6_IRQHandler                  0x080002c7   Thumb Code     0  startup_stm32h743xx.o(.text)
    DMA2_Stream7_IRQHandler                  0x080002c7   Thumb Code     0  startup_stm32h743xx.o(.text)
    DMAMUX1_OVR_IRQHandler                   0x080002c7   Thumb Code     0  startup_stm32h743xx.o(.text)
    DMAMUX2_OVR_IRQHandler                   0x080002c7   Thumb Code     0  startup_stm32h743xx.o(.text)
    ECC_IRQHandler                           0x080002c7   Thumb Code     0  startup_stm32h743xx.o(.text)
    ETH_IRQHandler                           0x080002c7   Thumb Code     0  startup_stm32h743xx.o(.text)
    ETH_WKUP_IRQHandler                      0x080002c7   Thumb Code     0  startup_stm32h743xx.o(.text)
    EXTI0_IRQHandler                         0x080002c7   Thumb Code     0  startup_stm32h743xx.o(.text)
    EXTI15_10_IRQHandler                     0x080002c7   Thumb Code     0  startup_stm32h743xx.o(.text)
    EXTI1_IRQHandler                         0x080002c7   Thumb Code     0  startup_stm32h743xx.o(.text)
    EXTI2_IRQHandler                         0x080002c7   Thumb Code     0  startup_stm32h743xx.o(.text)
    EXTI3_IRQHandler                         0x080002c7   Thumb Code     0  startup_stm32h743xx.o(.text)
    EXTI4_IRQHandler                         0x080002c7   Thumb Code     0  startup_stm32h743xx.o(.text)
    EXTI9_5_IRQHandler                       0x080002c7   Thumb Code     0  startup_stm32h743xx.o(.text)
    FDCAN1_IT0_IRQHandler                    0x080002c7   Thumb Code     0  startup_stm32h743xx.o(.text)
    FDCAN1_IT1_IRQHandler                    0x080002c7   Thumb Code     0  startup_stm32h743xx.o(.text)
    FDCAN2_IT0_IRQHandler                    0x080002c7   Thumb Code     0  startup_stm32h743xx.o(.text)
    FDCAN2_IT1_IRQHandler                    0x080002c7   Thumb Code     0  startup_stm32h743xx.o(.text)
    FDCAN_CAL_IRQHandler                     0x080002c7   Thumb Code     0  startup_stm32h743xx.o(.text)
    FLASH_IRQHandler                         0x080002c7   Thumb Code     0  startup_stm32h743xx.o(.text)
    FMC_IRQHandler                           0x080002c7   Thumb Code     0  startup_stm32h743xx.o(.text)
    FPU_IRQHandler                           0x080002c7   Thumb Code     0  startup_stm32h743xx.o(.text)
    HRTIM1_FLT_IRQHandler                    0x080002c7   Thumb Code     0  startup_stm32h743xx.o(.text)
    HRTIM1_Master_IRQHandler                 0x080002c7   Thumb Code     0  startup_stm32h743xx.o(.text)
    HRTIM1_TIMA_IRQHandler                   0x080002c7   Thumb Code     0  startup_stm32h743xx.o(.text)
    HRTIM1_TIMB_IRQHandler                   0x080002c7   Thumb Code     0  startup_stm32h743xx.o(.text)
    HRTIM1_TIMC_IRQHandler                   0x080002c7   Thumb Code     0  startup_stm32h743xx.o(.text)
    HRTIM1_TIMD_IRQHandler                   0x080002c7   Thumb Code     0  startup_stm32h743xx.o(.text)
    HRTIM1_TIME_IRQHandler                   0x080002c7   Thumb Code     0  startup_stm32h743xx.o(.text)
    HSEM1_IRQHandler                         0x080002c7   Thumb Code     0  startup_stm32h743xx.o(.text)
    I2C1_ER_IRQHandler                       0x080002c7   Thumb Code     0  startup_stm32h743xx.o(.text)
    I2C1_EV_IRQHandler                       0x080002c7   Thumb Code     0  startup_stm32h743xx.o(.text)
    I2C2_ER_IRQHandler                       0x080002c7   Thumb Code     0  startup_stm32h743xx.o(.text)
    I2C3_ER_IRQHandler                       0x080002c7   Thumb Code     0  startup_stm32h743xx.o(.text)
    I2C3_EV_IRQHandler                       0x080002c7   Thumb Code     0  startup_stm32h743xx.o(.text)
    I2C4_ER_IRQHandler                       0x080002c7   Thumb Code     0  startup_stm32h743xx.o(.text)
    I2C4_EV_IRQHandler                       0x080002c7   Thumb Code     0  startup_stm32h743xx.o(.text)
    JPEG_IRQHandler                          0x080002c7   Thumb Code     0  startup_stm32h743xx.o(.text)
    LPTIM1_IRQHandler                        0x080002c7   Thumb Code     0  startup_stm32h743xx.o(.text)
    LPTIM2_IRQHandler                        0x080002c7   Thumb Code     0  startup_stm32h743xx.o(.text)
    LPTIM3_IRQHandler                        0x080002c7   Thumb Code     0  startup_stm32h743xx.o(.text)
    LPTIM4_IRQHandler                        0x080002c7   Thumb Code     0  startup_stm32h743xx.o(.text)
    LPTIM5_IRQHandler                        0x080002c7   Thumb Code     0  startup_stm32h743xx.o(.text)
    LPUART1_IRQHandler                       0x080002c7   Thumb Code     0  startup_stm32h743xx.o(.text)
    LTDC_ER_IRQHandler                       0x080002c7   Thumb Code     0  startup_stm32h743xx.o(.text)
    LTDC_IRQHandler                          0x080002c7   Thumb Code     0  startup_stm32h743xx.o(.text)
    MDIOS_IRQHandler                         0x080002c7   Thumb Code     0  startup_stm32h743xx.o(.text)
    MDIOS_WKUP_IRQHandler                    0x080002c7   Thumb Code     0  startup_stm32h743xx.o(.text)
    MDMA_IRQHandler                          0x080002c7   Thumb Code     0  startup_stm32h743xx.o(.text)
    OTG_FS_EP1_IN_IRQHandler                 0x080002c7   Thumb Code     0  startup_stm32h743xx.o(.text)
    OTG_FS_EP1_OUT_IRQHandler                0x080002c7   Thumb Code     0  startup_stm32h743xx.o(.text)
    OTG_FS_IRQHandler                        0x080002c7   Thumb Code     0  startup_stm32h743xx.o(.text)
    OTG_FS_WKUP_IRQHandler                   0x080002c7   Thumb Code     0  startup_stm32h743xx.o(.text)
    OTG_HS_EP1_IN_IRQHandler                 0x080002c7   Thumb Code     0  startup_stm32h743xx.o(.text)
    OTG_HS_EP1_OUT_IRQHandler                0x080002c7   Thumb Code     0  startup_stm32h743xx.o(.text)
    OTG_HS_IRQHandler                        0x080002c7   Thumb Code     0  startup_stm32h743xx.o(.text)
    OTG_HS_WKUP_IRQHandler                   0x080002c7   Thumb Code     0  startup_stm32h743xx.o(.text)
    PVD_AVD_IRQHandler                       0x080002c7   Thumb Code     0  startup_stm32h743xx.o(.text)
    QUADSPI_IRQHandler                       0x080002c7   Thumb Code     0  startup_stm32h743xx.o(.text)
    RCC_IRQHandler                           0x080002c7   Thumb Code     0  startup_stm32h743xx.o(.text)
    RNG_IRQHandler                           0x080002c7   Thumb Code     0  startup_stm32h743xx.o(.text)
    RTC_Alarm_IRQHandler                     0x080002c7   Thumb Code     0  startup_stm32h743xx.o(.text)
    RTC_WKUP_IRQHandler                      0x080002c7   Thumb Code     0  startup_stm32h743xx.o(.text)
    SAI1_IRQHandler                          0x080002c7   Thumb Code     0  startup_stm32h743xx.o(.text)
    SAI2_IRQHandler                          0x080002c7   Thumb Code     0  startup_stm32h743xx.o(.text)
    SAI3_IRQHandler                          0x080002c7   Thumb Code     0  startup_stm32h743xx.o(.text)
    SAI4_IRQHandler                          0x080002c7   Thumb Code     0  startup_stm32h743xx.o(.text)
    SDMMC1_IRQHandler                        0x080002c7   Thumb Code     0  startup_stm32h743xx.o(.text)
    SDMMC2_IRQHandler                        0x080002c7   Thumb Code     0  startup_stm32h743xx.o(.text)
    SPDIF_RX_IRQHandler                      0x080002c7   Thumb Code     0  startup_stm32h743xx.o(.text)
    SPI1_IRQHandler                          0x080002c7   Thumb Code     0  startup_stm32h743xx.o(.text)
    SPI2_IRQHandler                          0x080002c7   Thumb Code     0  startup_stm32h743xx.o(.text)
    SPI3_IRQHandler                          0x080002c7   Thumb Code     0  startup_stm32h743xx.o(.text)
    SPI4_IRQHandler                          0x080002c7   Thumb Code     0  startup_stm32h743xx.o(.text)
    SPI5_IRQHandler                          0x080002c7   Thumb Code     0  startup_stm32h743xx.o(.text)
    SPI6_IRQHandler                          0x080002c7   Thumb Code     0  startup_stm32h743xx.o(.text)
    SWPMI1_IRQHandler                        0x080002c7   Thumb Code     0  startup_stm32h743xx.o(.text)
    TAMP_STAMP_IRQHandler                    0x080002c7   Thumb Code     0  startup_stm32h743xx.o(.text)
    TIM15_IRQHandler                         0x080002c7   Thumb Code     0  startup_stm32h743xx.o(.text)
    TIM16_IRQHandler                         0x080002c7   Thumb Code     0  startup_stm32h743xx.o(.text)
    TIM17_IRQHandler                         0x080002c7   Thumb Code     0  startup_stm32h743xx.o(.text)
    TIM1_BRK_IRQHandler                      0x080002c7   Thumb Code     0  startup_stm32h743xx.o(.text)
    TIM1_CC_IRQHandler                       0x080002c7   Thumb Code     0  startup_stm32h743xx.o(.text)
    TIM1_TRG_COM_IRQHandler                  0x080002c7   Thumb Code     0  startup_stm32h743xx.o(.text)
    TIM1_UP_IRQHandler                       0x080002c7   Thumb Code     0  startup_stm32h743xx.o(.text)
    TIM3_IRQHandler                          0x080002c7   Thumb Code     0  startup_stm32h743xx.o(.text)
    TIM4_IRQHandler                          0x080002c7   Thumb Code     0  startup_stm32h743xx.o(.text)
    TIM5_IRQHandler                          0x080002c7   Thumb Code     0  startup_stm32h743xx.o(.text)
    TIM6_DAC_IRQHandler                      0x080002c7   Thumb Code     0  startup_stm32h743xx.o(.text)
    TIM7_IRQHandler                          0x080002c7   Thumb Code     0  startup_stm32h743xx.o(.text)
    TIM8_BRK_TIM12_IRQHandler                0x080002c7   Thumb Code     0  startup_stm32h743xx.o(.text)
    TIM8_CC_IRQHandler                       0x080002c7   Thumb Code     0  startup_stm32h743xx.o(.text)
    TIM8_TRG_COM_TIM14_IRQHandler            0x080002c7   Thumb Code     0  startup_stm32h743xx.o(.text)
    TIM8_UP_TIM13_IRQHandler                 0x080002c7   Thumb Code     0  startup_stm32h743xx.o(.text)
    UART4_IRQHandler                         0x080002c7   Thumb Code     0  startup_stm32h743xx.o(.text)
    UART5_IRQHandler                         0x080002c7   Thumb Code     0  startup_stm32h743xx.o(.text)
    UART7_IRQHandler                         0x080002c7   Thumb Code     0  startup_stm32h743xx.o(.text)
    UART8_IRQHandler                         0x080002c7   Thumb Code     0  startup_stm32h743xx.o(.text)
    USART2_IRQHandler                        0x080002c7   Thumb Code     0  startup_stm32h743xx.o(.text)
    USART3_IRQHandler                        0x080002c7   Thumb Code     0  startup_stm32h743xx.o(.text)
    USART6_IRQHandler                        0x080002c7   Thumb Code     0  startup_stm32h743xx.o(.text)
    WAKEUP_PIN_IRQHandler                    0x080002c7   Thumb Code     0  startup_stm32h743xx.o(.text)
    WWDG_IRQHandler                          0x080002c7   Thumb Code     0  startup_stm32h743xx.o(.text)
    __aeabi_uldivmod                         0x080002d1   Thumb Code    98  uldiv.o(.text)
    __aeabi_memset                           0x08000333   Thumb Code    14  memseta.o(.text)
    __aeabi_memset4                          0x08000333   Thumb Code     0  memseta.o(.text)
    __aeabi_memset8                          0x08000333   Thumb Code     0  memseta.o(.text)
    __aeabi_memclr                           0x08000341   Thumb Code     4  memseta.o(.text)
    __aeabi_memclr4                          0x08000341   Thumb Code     0  memseta.o(.text)
    __aeabi_memclr8                          0x08000341   Thumb Code     0  memseta.o(.text)
    _memset$wrapper                          0x08000345   Thumb Code    18  memseta.o(.text)
    __aeabi_uidiv                            0x08000357   Thumb Code     0  uidiv.o(.text)
    __aeabi_uidivmod                         0x08000357   Thumb Code    44  uidiv.o(.text)
    __aeabi_llsl                             0x08000383   Thumb Code    30  llshl.o(.text)
    _ll_shift_l                              0x08000383   Thumb Code     0  llshl.o(.text)
    __aeabi_llsr                             0x080003a1   Thumb Code    32  llushr.o(.text)
    _ll_ushift_r                             0x080003a1   Thumb Code     0  llushr.o(.text)
    __I$use$fp                               0x080003c1   Thumb Code     0  iusefp.o(.text)
    __aeabi_dadd                             0x080003c1   Thumb Code   322  dadd.o(.text)
    __aeabi_dsub                             0x08000503   Thumb Code     6  dadd.o(.text)
    __aeabi_drsub                            0x08000509   Thumb Code     6  dadd.o(.text)
    __aeabi_dmul                             0x0800050f   Thumb Code   228  dmul.o(.text)
    __aeabi_ddiv                             0x080005f3   Thumb Code   222  ddiv.o(.text)
    __ARM_scalbn                             0x080006d1   Thumb Code    46  dscalb.o(.text)
    scalbn                                   0x080006d1   Thumb Code     0  dscalb.o(.text)
    _drnd                                    0x08000701   Thumb Code   132  drnd.o(.text)
    __aeabi_d2ulz                            0x08000789   Thumb Code    48  dfixul.o(.text)
    __aeabi_cdrcmple                         0x080007b9   Thumb Code    48  cdrcmple.o(.text)
    __scatterload                            0x080007e9   Thumb Code    28  init.o(.text)
    __scatterload_rt2                        0x080007e9   Thumb Code     0  init.o(.text)
    __aeabi_lasr                             0x0800080d   Thumb Code    36  llsshr.o(.text)
    _ll_sshift_r                             0x0800080d   Thumb Code     0  llsshr.o(.text)
    _double_round                            0x08000831   Thumb Code    30  depilogue.o(.text)
    _double_epilogue                         0x0800084f   Thumb Code   156  depilogue.o(.text)
    __decompress                             0x080008eb   Thumb Code     0  __dczerorl2.o(.text)
    __decompress1                            0x080008eb   Thumb Code    86  __dczerorl2.o(.text)
    ADC_ConfigureBoostMode                   0x08000941   Thumb Code   320  stm32h7xx_hal_adc.o(i.ADC_ConfigureBoostMode)
    ADC_ConversionStop                       0x08000aa1   Thumb Code   268  stm32h7xx_hal_adc.o(i.ADC_ConversionStop)
    ADC_DMAConvCplt                          0x08000bb5   Thumb Code   146  stm32h7xx_hal_adc.o(i.ADC_DMAConvCplt)
    ADC_DMAError                             0x08000c47   Thumb Code    30  stm32h7xx_hal_adc.o(i.ADC_DMAError)
    ADC_DMAHalfConvCplt                      0x08000c65   Thumb Code    14  stm32h7xx_hal_adc.o(i.ADC_DMAHalfConvCplt)
    ADC_Disable                              0x08000c75   Thumb Code   132  stm32h7xx_hal_adc.o(i.ADC_Disable)
    ADC_Enable                               0x08000cfd   Thumb Code   172  stm32h7xx_hal_adc.o(i.ADC_Enable)
    ADC_IRQHandler                           0x08000dbd   Thumb Code    10  stm32h7xx_it.o(i.ADC_IRQHandler)
    ADC_Process                              0x08000dcd   Thumb Code   248  user.o(i.ADC_Process)
    BusFault_Handler                         0x08000ee1   Thumb Code     4  stm32h7xx_it.o(i.BusFault_Handler)
    Check_str                                0x08000ee5   Thumb Code    36  user.o(i.Check_str)
    DAC_DMAConvCpltCh1                       0x08000f09   Thumb Code    18  stm32h7xx_hal_dac.o(i.DAC_DMAConvCpltCh1)
    DAC_DMAConvCpltCh2                       0x08000f1b   Thumb Code    18  stm32h7xx_hal_dac_ex.o(i.DAC_DMAConvCpltCh2)
    DAC_DMAErrorCh1                          0x08000f2d   Thumb Code    26  stm32h7xx_hal_dac.o(i.DAC_DMAErrorCh1)
    DAC_DMAErrorCh2                          0x08000f47   Thumb Code    26  stm32h7xx_hal_dac_ex.o(i.DAC_DMAErrorCh2)
    DAC_DMAHalfConvCpltCh1                   0x08000f61   Thumb Code    14  stm32h7xx_hal_dac.o(i.DAC_DMAHalfConvCpltCh1)
    DAC_DMAHalfConvCpltCh2                   0x08000f6f   Thumb Code    14  stm32h7xx_hal_dac_ex.o(i.DAC_DMAHalfConvCpltCh2)
    DAC_PWM_Process                          0x08000f7d   Thumb Code   112  user.o(i.DAC_PWM_Process)
    DMA1_Stream0_IRQHandler                  0x0800100d   Thumb Code    10  stm32h7xx_it.o(i.DMA1_Stream0_IRQHandler)
    DMA1_Stream1_IRQHandler                  0x0800101d   Thumb Code    10  stm32h7xx_it.o(i.DMA1_Stream1_IRQHandler)
    DMA1_Stream2_IRQHandler                  0x0800102d   Thumb Code    10  stm32h7xx_it.o(i.DMA1_Stream2_IRQHandler)
    DebugMon_Handler                         0x080015a9   Thumb Code     2  stm32h7xx_it.o(i.DebugMon_Handler)
    Duty_Set                                 0x080015ad   Thumb Code   130  user.o(i.Duty_Set)
    Error_Handler                            0x0800163d   Thumb Code     6  main.o(i.Error_Handler)
    Freq_Set                                 0x08001645   Thumb Code   130  user.o(i.Freq_Set)
    HAL_ADCEx_Calibration_Start              0x080016d5   Thumb Code   174  stm32h7xx_hal_adc_ex.o(i.HAL_ADCEx_Calibration_Start)
    HAL_ADCEx_EndOfSamplingCallback          0x0800178d   Thumb Code     2  stm32h7xx_hal_adc_ex.o(i.HAL_ADCEx_EndOfSamplingCallback)
    HAL_ADCEx_InjectedConvCpltCallback       0x0800178f   Thumb Code     2  stm32h7xx_hal_adc_ex.o(i.HAL_ADCEx_InjectedConvCpltCallback)
    HAL_ADCEx_InjectedQueueOverflowCallback  0x08001791   Thumb Code     2  stm32h7xx_hal_adc_ex.o(i.HAL_ADCEx_InjectedQueueOverflowCallback)
    HAL_ADCEx_LevelOutOfWindow2Callback      0x08001793   Thumb Code     2  stm32h7xx_hal_adc_ex.o(i.HAL_ADCEx_LevelOutOfWindow2Callback)
    HAL_ADCEx_LevelOutOfWindow3Callback      0x08001795   Thumb Code     2  stm32h7xx_hal_adc_ex.o(i.HAL_ADCEx_LevelOutOfWindow3Callback)
    HAL_ADCEx_MultiModeConfigChannel         0x08001799   Thumb Code   330  stm32h7xx_hal_adc_ex.o(i.HAL_ADCEx_MultiModeConfigChannel)
    HAL_ADC_ConfigChannel                    0x080018f9   Thumb Code  1300  stm32h7xx_hal_adc.o(i.HAL_ADC_ConfigChannel)
    HAL_ADC_ConvCpltCallback                 0x08001e35   Thumb Code    14  stm32h7xx_it.o(i.HAL_ADC_ConvCpltCallback)
    HAL_ADC_ConvHalfCpltCallback             0x08001e4d   Thumb Code     2  stm32h7xx_hal_adc.o(i.HAL_ADC_ConvHalfCpltCallback)
    HAL_ADC_ErrorCallback                    0x08001e4f   Thumb Code     2  stm32h7xx_hal_adc.o(i.HAL_ADC_ErrorCallback)
    HAL_ADC_IRQHandler                       0x08001e51   Thumb Code   840  stm32h7xx_hal_adc.o(i.HAL_ADC_IRQHandler)
    HAL_ADC_Init                             0x080021a9   Thumb Code   606  stm32h7xx_hal_adc.o(i.HAL_ADC_Init)
    HAL_ADC_LevelOutOfWindowCallback         0x08002435   Thumb Code     2  stm32h7xx_hal_adc.o(i.HAL_ADC_LevelOutOfWindowCallback)
    HAL_ADC_MspInit                          0x08002439   Thumb Code   218  adc.o(i.HAL_ADC_MspInit)
    HAL_ADC_Start_DMA                        0x08002529   Thumb Code   278  stm32h7xx_hal_adc.o(i.HAL_ADC_Start_DMA)
    HAL_ADC_Stop_DMA                         0x0800265d   Thumb Code   136  stm32h7xx_hal_adc.o(i.HAL_ADC_Stop_DMA)
    HAL_DACEx_ConvCpltCallbackCh2            0x080026e5   Thumb Code     2  stm32h7xx_hal_dac_ex.o(i.HAL_DACEx_ConvCpltCallbackCh2)
    HAL_DACEx_ConvHalfCpltCallbackCh2        0x080026e7   Thumb Code     2  stm32h7xx_hal_dac_ex.o(i.HAL_DACEx_ConvHalfCpltCallbackCh2)
    HAL_DACEx_ErrorCallbackCh2               0x080026e9   Thumb Code     2  stm32h7xx_hal_dac_ex.o(i.HAL_DACEx_ErrorCallbackCh2)
    HAL_DAC_ConfigChannel                    0x080026ed   Thumb Code   430  stm32h7xx_hal_dac.o(i.HAL_DAC_ConfigChannel)
    HAL_DAC_ConvCpltCallbackCh1              0x080028a1   Thumb Code     2  stm32h7xx_hal_dac.o(i.HAL_DAC_ConvCpltCallbackCh1)
    HAL_DAC_ConvHalfCpltCallbackCh1          0x080028a3   Thumb Code     2  stm32h7xx_hal_dac.o(i.HAL_DAC_ConvHalfCpltCallbackCh1)
    HAL_DAC_ErrorCallbackCh1                 0x080028a5   Thumb Code     2  stm32h7xx_hal_dac.o(i.HAL_DAC_ErrorCallbackCh1)
    HAL_DAC_Init                             0x080028a7   Thumb Code    40  stm32h7xx_hal_dac.o(i.HAL_DAC_Init)
    HAL_DAC_MspInit                          0x080028d1   Thumb Code   172  dac.o(i.HAL_DAC_MspInit)
    HAL_DAC_Start_DMA                        0x08002991   Thumb Code   300  stm32h7xx_hal_dac.o(i.HAL_DAC_Start_DMA)
    HAL_DAC_Stop_DMA                         0x08002ad5   Thumb Code   104  stm32h7xx_hal_dac.o(i.HAL_DAC_Stop_DMA)
    HAL_DMA_Abort                            0x08002b3d   Thumb Code  1236  stm32h7xx_hal_dma.o(i.HAL_DMA_Abort)
    HAL_DMA_Abort_IT                         0x08003019   Thumb Code   906  stm32h7xx_hal_dma.o(i.HAL_DMA_Abort_IT)
    HAL_DMA_GetError                         0x080033b1   Thumb Code     6  stm32h7xx_hal_dma.o(i.HAL_DMA_GetError)
    HAL_DMA_IRQHandler                       0x080033b9   Thumb Code  2800  stm32h7xx_hal_dma.o(i.HAL_DMA_IRQHandler)
    HAL_DMA_Init                             0x08003eb1   Thumb Code  1304  stm32h7xx_hal_dma.o(i.HAL_DMA_Init)
    HAL_DMA_Start_IT                         0x080043d1   Thumb Code   980  stm32h7xx_hal_dma.o(i.HAL_DMA_Start_IT)
    HAL_Delay                                0x080047b1   Thumb Code    36  stm32h7xx_hal.o(i.HAL_Delay)
    HAL_GPIO_Init                            0x080047d9   Thumb Code   468  stm32h7xx_hal_gpio.o(i.HAL_GPIO_Init)
    HAL_GetREVID                             0x080049e1   Thumb Code     8  stm32h7xx_hal.o(i.HAL_GetREVID)
    HAL_GetTick                              0x080049ed   Thumb Code     6  stm32h7xx_hal.o(i.HAL_GetTick)
    HAL_I2CEx_ConfigAnalogFilter             0x080049f9   Thumb Code   106  stm32h7xx_hal_i2c_ex.o(i.HAL_I2CEx_ConfigAnalogFilter)
    HAL_I2CEx_ConfigDigitalFilter            0x08004a63   Thumb Code   104  stm32h7xx_hal_i2c_ex.o(i.HAL_I2CEx_ConfigDigitalFilter)
    HAL_I2CEx_EnableFastModePlus             0x08004acd   Thumb Code    42  stm32h7xx_hal_i2c_ex.o(i.HAL_I2CEx_EnableFastModePlus)
    HAL_I2C_EV_IRQHandler                    0x08004b01   Thumb Code    28  stm32h7xx_hal_i2c.o(i.HAL_I2C_EV_IRQHandler)
    HAL_I2C_Init                             0x08004b1d   Thumb Code   192  stm32h7xx_hal_i2c.o(i.HAL_I2C_Init)
    HAL_I2C_Master_Transmit                  0x08004be1   Thumb Code   344  stm32h7xx_hal_i2c.o(i.HAL_I2C_Master_Transmit)
    HAL_I2C_MspInit                          0x08004d41   Thumb Code   216  i2c.o(i.HAL_I2C_MspInit)
    HAL_IncTick                              0x08004e2d   Thumb Code    16  stm32h7xx_hal.o(i.HAL_IncTick)
    HAL_Init                                 0x08004e45   Thumb Code    80  stm32h7xx_hal.o(i.HAL_Init)
    HAL_InitTick                             0x08004ea5   Thumb Code    74  stm32h7xx_hal.o(i.HAL_InitTick)
    HAL_MspInit                              0x08004efd   Thumb Code    38  stm32h7xx_hal_msp.o(i.HAL_MspInit)
    HAL_NVIC_EnableIRQ                       0x08004f29   Thumb Code    32  stm32h7xx_hal_cortex.o(i.HAL_NVIC_EnableIRQ)
    HAL_NVIC_SetPriority                     0x08004f49   Thumb Code   122  stm32h7xx_hal_cortex.o(i.HAL_NVIC_SetPriority)
    HAL_NVIC_SetPriorityGrouping             0x08004fc5   Thumb Code    32  stm32h7xx_hal_cortex.o(i.HAL_NVIC_SetPriorityGrouping)
    HAL_PWREx_ConfigSupply                   0x08004fed   Thumb Code    90  stm32h7xx_hal_pwr_ex.o(i.HAL_PWREx_ConfigSupply)
    HAL_RCCEx_GetD3PCLK1Freq                 0x0800504d   Thumb Code    26  stm32h7xx_hal_rcc_ex.o(i.HAL_RCCEx_GetD3PCLK1Freq)
    HAL_RCCEx_GetPLL1ClockFreq               0x08005071   Thumb Code   536  stm32h7xx_hal_rcc_ex.o(i.HAL_RCCEx_GetPLL1ClockFreq)
    HAL_RCCEx_GetPLL2ClockFreq               0x080052a1   Thumb Code   536  stm32h7xx_hal_rcc_ex.o(i.HAL_RCCEx_GetPLL2ClockFreq)
    HAL_RCCEx_GetPLL3ClockFreq               0x080054d1   Thumb Code   536  stm32h7xx_hal_rcc_ex.o(i.HAL_RCCEx_GetPLL3ClockFreq)
    HAL_RCCEx_GetPeriphCLKFreq               0x08005701   Thumb Code   894  stm32h7xx_hal_rcc_ex.o(i.HAL_RCCEx_GetPeriphCLKFreq)
    HAL_RCCEx_PeriphCLKConfig                0x08005a95   Thumb Code  2876  stm32h7xx_hal_rcc_ex.o(i.HAL_RCCEx_PeriphCLKConfig)
    HAL_RCC_ClockConfig                      0x080065d5   Thumb Code   774  stm32h7xx_hal_rcc.o(i.HAL_RCC_ClockConfig)
    HAL_RCC_GetHCLKFreq                      0x080068f5   Thumb Code    60  stm32h7xx_hal_rcc.o(i.HAL_RCC_GetHCLKFreq)
    HAL_RCC_GetPCLK1Freq                     0x08006941   Thumb Code    26  stm32h7xx_hal_rcc.o(i.HAL_RCC_GetPCLK1Freq)
    HAL_RCC_GetPCLK2Freq                     0x08006965   Thumb Code    26  stm32h7xx_hal_rcc.o(i.HAL_RCC_GetPCLK2Freq)
    HAL_RCC_GetSysClockFreq                  0x08006989   Thumb Code   524  stm32h7xx_hal_rcc.o(i.HAL_RCC_GetSysClockFreq)
    HAL_RCC_OscConfig                        0x08006bb5   Thumb Code  2010  stm32h7xx_hal_rcc.o(i.HAL_RCC_OscConfig)
    HAL_SYSTICK_Config                       0x08007399   Thumb Code    52  stm32h7xx_hal_cortex.o(i.HAL_SYSTICK_Config)
    HAL_TIMEx_Break2Callback                 0x080073cd   Thumb Code     2  stm32h7xx_hal_tim_ex.o(i.HAL_TIMEx_Break2Callback)
    HAL_TIMEx_BreakCallback                  0x080073cf   Thumb Code     2  stm32h7xx_hal_tim_ex.o(i.HAL_TIMEx_BreakCallback)
    HAL_TIMEx_CommutCallback                 0x080073d1   Thumb Code     2  stm32h7xx_hal_tim_ex.o(i.HAL_TIMEx_CommutCallback)
    HAL_TIMEx_MasterConfigSynchronization    0x080073d5   Thumb Code   166  stm32h7xx_hal_tim_ex.o(i.HAL_TIMEx_MasterConfigSynchronization)
    HAL_TIM_Base_Init                        0x08007495   Thumb Code   110  stm32h7xx_hal_tim.o(i.HAL_TIM_Base_Init)
    HAL_TIM_Base_MspInit                     0x08007505   Thumb Code   268  tim.o(i.HAL_TIM_Base_MspInit)
    HAL_TIM_Base_Start                       0x08007629   Thumb Code    56  stm32h7xx_hal_tim.o(i.HAL_TIM_Base_Start)
    HAL_TIM_Base_Stop                        0x08007665   Thumb Code    50  stm32h7xx_hal_tim.o(i.HAL_TIM_Base_Stop)
    HAL_TIM_ConfigClockSource                0x08007699   Thumb Code   300  stm32h7xx_hal_tim.o(i.HAL_TIM_ConfigClockSource)
    HAL_TIM_ErrorCallback                    0x080077c9   Thumb Code     2  stm32h7xx_hal_tim.o(i.HAL_TIM_ErrorCallback)
    HAL_TIM_IC_CaptureCallback               0x080077cd   Thumb Code    22  stm32h7xx_it.o(i.HAL_TIM_IC_CaptureCallback)
    HAL_TIM_IC_CaptureHalfCpltCallback       0x080077ed   Thumb Code     2  stm32h7xx_hal_tim.o(i.HAL_TIM_IC_CaptureHalfCpltCallback)
    HAL_TIM_IC_ConfigChannel                 0x080077ef   Thumb Code   212  stm32h7xx_hal_tim.o(i.HAL_TIM_IC_ConfigChannel)
    HAL_TIM_IC_Init                          0x080078c3   Thumb Code   110  stm32h7xx_hal_tim.o(i.HAL_TIM_IC_Init)
    HAL_TIM_IC_MspInit                       0x08007931   Thumb Code     2  stm32h7xx_hal_tim.o(i.HAL_TIM_IC_MspInit)
    HAL_TIM_IC_Start_DMA                     0x08007935   Thumb Code   534  stm32h7xx_hal_tim.o(i.HAL_TIM_IC_Start_DMA)
    HAL_TIM_IRQHandler                       0x08007b5d   Thumb Code   440  stm32h7xx_hal_tim.o(i.HAL_TIM_IRQHandler)
    HAL_TIM_MspPostInit                      0x08007d15   Thumb Code    82  tim.o(i.HAL_TIM_MspPostInit)
    HAL_TIM_OC_DelayElapsedCallback          0x08007d75   Thumb Code     2  stm32h7xx_hal_tim.o(i.HAL_TIM_OC_DelayElapsedCallback)
    HAL_TIM_PWM_ConfigChannel                0x08007d77   Thumb Code   360  stm32h7xx_hal_tim.o(i.HAL_TIM_PWM_ConfigChannel)
    HAL_TIM_PWM_Init                         0x08007edf   Thumb Code   110  stm32h7xx_hal_tim.o(i.HAL_TIM_PWM_Init)
    HAL_TIM_PWM_MspInit                      0x08007f4d   Thumb Code     2  stm32h7xx_hal_tim.o(i.HAL_TIM_PWM_MspInit)
    HAL_TIM_PWM_PulseFinishedCallback        0x08007f4f   Thumb Code     2  stm32h7xx_hal_tim.o(i.HAL_TIM_PWM_PulseFinishedCallback)
    HAL_TIM_PeriodElapsedCallback            0x08007f51   Thumb Code     2  stm32h7xx_hal_tim.o(i.HAL_TIM_PeriodElapsedCallback)
    HAL_TIM_TriggerCallback                  0x08007f53   Thumb Code     2  stm32h7xx_hal_tim.o(i.HAL_TIM_TriggerCallback)
    HAL_UARTEx_DisableFifoMode               0x08007f55   Thumb Code    78  stm32h7xx_hal_uart_ex.o(i.HAL_UARTEx_DisableFifoMode)
    HAL_UARTEx_ReceiveToIdle_DMA             0x08007fa3   Thumb Code    40  user.o(i.HAL_UARTEx_ReceiveToIdle_DMA)
    HAL_UARTEx_RxEventCallback               0x08007fcd   Thumb Code    18  stm32h7xx_it.o(i.HAL_UARTEx_RxEventCallback)
    HAL_UARTEx_RxFifoFullCallback            0x08007fe9   Thumb Code     2  stm32h7xx_hal_uart_ex.o(i.HAL_UARTEx_RxFifoFullCallback)
    HAL_UARTEx_SetRxFifoThreshold            0x08007feb   Thumb Code    94  stm32h7xx_hal_uart_ex.o(i.HAL_UARTEx_SetRxFifoThreshold)
    HAL_UARTEx_SetTxFifoThreshold            0x08008049   Thumb Code    94  stm32h7xx_hal_uart_ex.o(i.HAL_UARTEx_SetTxFifoThreshold)
    HAL_UARTEx_TxFifoEmptyCallback           0x080080a7   Thumb Code     2  stm32h7xx_hal_uart_ex.o(i.HAL_UARTEx_TxFifoEmptyCallback)
    HAL_UARTEx_WakeupCallback                0x080080a9   Thumb Code     2  stm32h7xx_hal_uart_ex.o(i.HAL_UARTEx_WakeupCallback)
    HAL_UART_DMAStop                         0x080080ab   Thumb Code   148  stm32h7xx_hal_uart.o(i.HAL_UART_DMAStop)
    HAL_UART_ErrorCallback                   0x0800813f   Thumb Code     2  stm32h7xx_hal_uart.o(i.HAL_UART_ErrorCallback)
    HAL_UART_IRQHandler                      0x08008141   Thumb Code   512  stm32h7xx_hal_uart.o(i.HAL_UART_IRQHandler)
    HAL_UART_Init                            0x0800834d   Thumb Code   120  stm32h7xx_hal_uart.o(i.HAL_UART_Init)
    HAL_UART_MspInit                         0x080083c5   Thumb Code   216  usart.o(i.HAL_UART_MspInit)
    HAL_UART_Receive_DMA                     0x080084b1   Thumb Code   188  stm32h7xx_hal_uart.o(i.HAL_UART_Receive_DMA)
    HAL_UART_RxCpltCallback                  0x08008579   Thumb Code     2  stm32h7xx_hal_uart.o(i.HAL_UART_RxCpltCallback)
    HAL_UART_RxHalfCpltCallback              0x0800857b   Thumb Code     2  stm32h7xx_hal_uart.o(i.HAL_UART_RxHalfCpltCallback)
    HAL_UART_Transmit                        0x0800857d   Thumb Code   214  stm32h7xx_hal_uart.o(i.HAL_UART_Transmit)
    HAL_UART_TxCpltCallback                  0x08008653   Thumb Code     2  stm32h7xx_hal_uart.o(i.HAL_UART_TxCpltCallback)
    HardFault_Handler                        0x08008655   Thumb Code     4  stm32h7xx_it.o(i.HardFault_Handler)
    I2C2_EV_IRQHandler                       0x08008659   Thumb Code    10  stm32h7xx_it.o(i.I2C2_EV_IRQHandler)
    MX_ADC1_Init                             0x0800892d   Thumb Code   160  adc.o(i.MX_ADC1_Init)
    MX_DAC1_Init                             0x080089d9   Thumb Code    70  dac.o(i.MX_DAC1_Init)
    MX_DMA_Init                              0x08008a29   Thumb Code   106  dma.o(i.MX_DMA_Init)
    MX_GPIO_Init                             0x08008a99   Thumb Code   196  gpio.o(i.MX_GPIO_Init)
    MX_I2C2_Init                             0x08008b69   Thumb Code    80  i2c.o(i.MX_I2C2_Init)
    MX_TIM2_Init                             0x08008bc5   Thumb Code   158  tim.o(i.MX_TIM2_Init)
    MX_TIM4_Init                             0x08008c6d   Thumb Code   160  tim.o(i.MX_TIM4_Init)
    MX_TIM6_Init                             0x08008d15   Thumb Code    70  tim.o(i.MX_TIM6_Init)
    MX_USART1_UART_Init                      0x08008d65   Thumb Code    98  usart.o(i.MX_USART1_UART_Init)
    MemManage_Handler                        0x08008dd1   Thumb Code     4  stm32h7xx_it.o(i.MemManage_Handler)
    NMI_Handler                              0x08008dd5   Thumb Code     4  stm32h7xx_it.o(i.NMI_Handler)
    OLED_Clear                               0x08008dd9   Thumb Code    38  oled.o(i.OLED_Clear)
    OLED_ClearArea                           0x08008e05   Thumb Code   148  oled.o(i.OLED_ClearArea)
    OLED_DrawPoint                           0x08008e9d   Thumb Code    82  oled.o(i.OLED_DrawPoint)
    OLED_Init                                0x08008ef5   Thumb Code   162  oled.o(i.OLED_Init)
    OLED_Pow                                 0x08008f9d   Thumb Code    20  oled.o(i.OLED_Pow)
    OLED_SetCursor                           0x08008fb1   Thumb Code    34  oled.o(i.OLED_SetCursor)
    OLED_ShowChar                            0x08008fd5   Thumb Code    74  oled.o(i.OLED_ShowChar)
    OLED_ShowFloatNum                        0x08009029   Thumb Code   200  oled.o(i.OLED_ShowFloatNum)
    OLED_ShowImage                           0x080090f1   Thumb Code   258  oled.o(i.OLED_ShowImage)
    OLED_ShowNum                             0x080091f9   Thumb Code    76  oled.o(i.OLED_ShowNum)
    OLED_Update                              0x08009245   Thumb Code    38  oled.o(i.OLED_Update)
    OLED_WriteCommand                        0x08009271   Thumb Code    30  oled.o(i.OLED_WriteCommand)
    OLED_WriteData                           0x08009295   Thumb Code    64  oled.o(i.OLED_WriteData)
    PWMWave_Generate                         0x080092dd   Thumb Code    44  user.o(i.PWMWave_Generate)
    PendSV_Handler                           0x0800930d   Thumb Code     2  stm32h7xx_it.o(i.PendSV_Handler)
    PeriphCommonClock_Config                 0x0800930f   Thumb Code    38  main.o(i.PeriphCommonClock_Config)
    SVC_Handler                              0x080095fd   Thumb Code     2  stm32h7xx_it.o(i.SVC_Handler)
    SinWave_Generate                         0x08009601   Thumb Code    94  user.o(i.SinWave_Generate)
    SysTick_Handler                          0x08009679   Thumb Code     8  stm32h7xx_it.o(i.SysTick_Handler)
    SystemClock_Config                       0x08009681   Thumb Code   306  main.o(i.SystemClock_Config)
    SystemInit                               0x080097c1   Thumb Code   220  system_stm32h7xx.o(i.SystemInit)
    TIM2_IRQHandler                          0x080098c5   Thumb Code    10  stm32h7xx_it.o(i.TIM2_IRQHandler)
    TIM2_Process                             0x080098d5   Thumb Code   212  user.o(i.TIM2_Process)
    TIM_Base_SetConfig                       0x080099c9   Thumb Code   170  stm32h7xx_hal_tim.o(i.TIM_Base_SetConfig)
    TIM_CCxChannelCmd                        0x08009a95   Thumb Code    34  stm32h7xx_hal_tim.o(i.TIM_CCxChannelCmd)
    TIM_DMACaptureCplt                       0x08009ab7   Thumb Code   122  stm32h7xx_hal_tim.o(i.TIM_DMACaptureCplt)
    TIM_DMACaptureHalfCplt                   0x08009b31   Thumb Code    64  stm32h7xx_hal_tim.o(i.TIM_DMACaptureHalfCplt)
    TIM_DMAError                             0x08009b71   Thumb Code    94  stm32h7xx_hal_tim.o(i.TIM_DMAError)
    TIM_ETR_SetConfig                        0x08009bcf   Thumb Code    22  stm32h7xx_hal_tim.o(i.TIM_ETR_SetConfig)
    TIM_OC2_SetConfig                        0x08009ca9   Thumb Code   156  stm32h7xx_hal_tim.o(i.TIM_OC2_SetConfig)
    TIM_SUM                                  0x08009f55   Thumb Code    24  user.o(i.TIM_SUM)
    TIM_TI1_SetConfig                        0x08009f95   Thumb Code   114  stm32h7xx_hal_tim.o(i.TIM_TI1_SetConfig)
    TrgWave_Generate                         0x0800a0fd   Thumb Code   100  user.o(i.TrgWave_Generate)
    UART_AdvFeatureConfig                    0x0800a1d9   Thumb Code   248  stm32h7xx_hal_uart.o(i.UART_AdvFeatureConfig)
    UART_CheckIdleState                      0x0800a2d1   Thumb Code   116  stm32h7xx_hal_uart.o(i.UART_CheckIdleState)
    UART_Process                             0x0800a47d   Thumb Code   182  user.o(i.UART_Process)
    UART_SetConfig                           0x0800a565   Thumb Code  1420  stm32h7xx_hal_uart.o(i.UART_SetConfig)
    UART_WaitOnFlagUntilTimeout              0x0800ab01   Thumb Code   190  stm32h7xx_hal_uart.o(i.UART_WaitOnFlagUntilTimeout)
    USART1_IRQHandler                        0x0800abc1   Thumb Code   304  stm32h7xx_it.o(i.USART1_IRQHandler)
    UsageFault_Handler                       0x0800acfd   Thumb Code     4  stm32h7xx_it.o(i.UsageFault_Handler)
    __0printf                                0x0800ad01   Thumb Code    22  printfa.o(i.__0printf)
    __1printf                                0x0800ad01   Thumb Code     0  printfa.o(i.__0printf)
    __2printf                                0x0800ad01   Thumb Code     0  printfa.o(i.__0printf)
    __c89printf                              0x0800ad01   Thumb Code     0  printfa.o(i.__0printf)
    printf                                   0x0800ad01   Thumb Code     0  printfa.o(i.__0printf)
    __ARM_fpclassify                         0x0800ad21   Thumb Code    48  fpclassify.o(i.__ARM_fpclassify)
    __hardfp_pow                             0x0800ad89   Thumb Code  2140  pow.o(i.__hardfp_pow)
    __hardfp_round                           0x0800b681   Thumb Code   136  round.o(i.__hardfp_round)
    __hardfp_sin                             0x0800b721   Thumb Code   158  sin.o(i.__hardfp_sin)
    __ieee754_rem_pio2                       0x0800b7d1   Thumb Code   646  rred.o(i.__ieee754_rem_pio2)
    __kernel_cos                             0x0800bae1   Thumb Code   182  cos_i.o(i.__kernel_cos)
    __kernel_poly                            0x0800bbc1   Thumb Code   112  poly.o(i.__kernel_poly)
    __kernel_sin                             0x0800bc31   Thumb Code   144  sin_i.o(i.__kernel_sin)
    __mathlib_dbl_divzero                    0x0800bcd9   Thumb Code    14  dunder.o(i.__mathlib_dbl_divzero)
    __mathlib_dbl_infnan2                    0x0800bcf9   Thumb Code     6  dunder.o(i.__mathlib_dbl_infnan2)
    __mathlib_dbl_invalid                    0x0800bd01   Thumb Code    10  dunder.o(i.__mathlib_dbl_invalid)
    __mathlib_dbl_overflow                   0x0800bd19   Thumb Code    10  dunder.o(i.__mathlib_dbl_overflow)
    __mathlib_dbl_underflow                  0x0800bd31   Thumb Code    10  dunder.o(i.__mathlib_dbl_underflow)
    __scatterload_copy                       0x0800bd49   Thumb Code    14  handlers.o(i.__scatterload_copy)
    __scatterload_null                       0x0800bd57   Thumb Code     2  handlers.o(i.__scatterload_null)
    __scatterload_zeroinit                   0x0800bd59   Thumb Code    14  handlers.o(i.__scatterload_zeroinit)
    __set_errno                              0x0800bd69   Thumb Code     6  errno.o(i.__set_errno)
    fabs                                     0x0800c627   Thumb Code    24  fabs.o(i.fabs)
    fputc                                    0x0800c641   Thumb Code    22  main.o(i.fputc)
    free                                     0x0800c65d   Thumb Code    76  malloc.o(i.free)
    main                                     0x0800c6ad   Thumb Code   136  main.o(i.main)
    malloc                                   0x0800c749   Thumb Code    92  malloc.o(i.malloc)
    sqrt                                     0x0800c7b5   Thumb Code   106  sqrt.o(i.sqrt)
    AT                                       0x0800c81e   Data           4  user.o(.constdata)
    SIN                                      0x0800c822   Data           5  user.o(.constdata)
    Freq                                     0x0800c827   Data           6  user.o(.constdata)
    PWM                                      0x0800c82d   Data           5  user.o(.constdata)
    Duty                                     0x0800c832   Data           6  user.o(.constdata)
    Trg                                      0x0800c838   Data           5  user.o(.constdata)
    UARTPrescTable                           0x0800c846   Data          24  stm32h7xx_hal_uart.o(.constdata)
    D1CorePrescTable                         0x0800c85e   Data          16  system_stm32h7xx.o(.constdata)
    OLED_F8x16                               0x0800c86e   Data        1520  oled_data.o(.constdata)
    OLED_F6x8                                0x0800ce5e   Data         570  oled_data.o(.constdata)
    OLED_CF16x16                             0x0800d098   Data         259  oled_data.o(.constdata)
    Diode                                    0x0800d19b   Data          32  oled_data.o(.constdata)
    pictrue                                  0x0800d1bb   Data        1024  oled_data.o(.constdata)
    __mathlib_zero                           0x0800d678   Data           8  qnan.o(.constdata)
    Region$$Table$$Base                      0x0800d770   Number         0  anon$$obj.o(Region$$Table)
    Region$$Table$$Limit                     0x0800d790   Number         0  anon$$obj.o(Region$$Table)
    SinWave_Data                             0x24000000   Data         200  user.o(.RAM_D1)
    PWMWave_Data                             0x240000c8   Data         200  user.o(.RAM_D1)
    TrgWave_Data                             0x24000190   Data         200  user.o(.RAM_D1)
    ADC_Values                               0x24000258   Data         256  main.o(.RAM_D2)
    uart_state                               0x24000358   Data           1  user.o(.data)
    Wave_Config                              0x2400035c   Data           8  user.o(.data)
    ADC_state                                0x24000364   Data           1  main.o(.data)
    Tim_State                                0x24000365   Data           1  main.o(.data)
    DAC_PWM_state                            0x24000366   Data           1  main.o(.data)
    uwTick                                   0x24000368   Data           4  stm32h7xx_hal.o(.data)
    uwTickPrio                               0x2400036c   Data           4  stm32h7xx_hal.o(.data)
    uwTickFreq                               0x24000370   Data           1  stm32h7xx_hal.o(.data)
    SystemCoreClock                          0x24000374   Data           4  system_stm32h7xx.o(.data)
    SystemD2Clock                            0x24000378   Data           4  system_stm32h7xx.o(.data)
    SendByte_Addr                            0x2400037c   Data           4  oled.o(.data)
    PageNum                                  0x24000380   Data           1  oled.o(.data)
    OLED_state                               0x24000381   Data           1  oled.o(.data)
    OLED_Width                               0x24000382   Data           1  oled.o(.data)
    OLED_DisplayBuf                          0x24000384   Data           4  oled.o(.data)
    __stdout                                 0x2400038c   Data           4  stdout.o(.data)
    __microlib_freelist                      0x24000390   Data           4  mvars.o(.data)
    __microlib_freelist_initialised          0x24000394   Data           4  mvars.o(.data)
    USRT_Rx_Buff                             0x2400039c   Data          20  user.o(.bss)
    hadc1                                    0x240003b0   Data         100  adc.o(.bss)
    hdma_adc1                                0x24000414   Data         120  adc.o(.bss)
    hdac1                                    0x2400048c   Data          20  dac.o(.bss)
    hdma_dac1_ch1                            0x240004a0   Data         120  dac.o(.bss)
    hi2c2                                    0x24000518   Data          76  i2c.o(.bss)
    hdma_i2c2_tx                             0x24000564   Data         120  i2c.o(.bss)
    htim2                                    0x240005dc   Data          76  tim.o(.bss)
    htim4                                    0x24000628   Data          76  tim.o(.bss)
    htim6                                    0x24000674   Data          76  tim.o(.bss)
    hdma_tim2_ch3                            0x240006c0   Data         120  tim.o(.bss)
    huart1                                   0x24000738   Data         140  usart.o(.bss)
    hdma_usart1_rx                           0x240007c4   Data         120  usart.o(.bss)
    __heap_base                              0x24000840   Data           0  startup_stm32h743xx.o(HEAP)
    __heap_limit                             0x24001040   Data           0  startup_stm32h743xx.o(HEAP)
    __initial_sp                             0x24001440   Data           0  startup_stm32h743xx.o(STACK)



==============================================================================

Memory Map of the image

  Image Entry point : 0x08000299

  Load Region LR_IROM1 (Base: 0x08000000, Size: 0x0000db2c, Max: 0x00200000, ABSOLUTE, COMPRESSED[0x0000d7ac])

    Execution Region ER_IROM1 (Exec base: 0x08000000, Load base: 0x08000000, Size: 0x0000d790, Max: 0x00200000, ABSOLUTE)

    Exec Addr    Load Addr    Size         Type   Attr      Idx    E Section Name        Object

    0x08000000   0x08000000   0x00000298   Data   RO            3    RESET               startup_stm32h743xx.o
    0x08000298   0x08000298   0x00000000   Code   RO         5917  * .ARM.Collect$$$$00000000  mc_w.l(entry.o)
    0x08000298   0x08000298   0x00000004   Code   RO         6279    .ARM.Collect$$$$00000001  mc_w.l(entry2.o)
    0x0800029c   0x0800029c   0x00000004   Code   RO         6282    .ARM.Collect$$$$00000004  mc_w.l(entry5.o)
    0x080002a0   0x080002a0   0x00000000   Code   RO         6284    .ARM.Collect$$$$00000008  mc_w.l(entry7b.o)
    0x080002a0   0x080002a0   0x00000000   Code   RO         6286    .ARM.Collect$$$$0000000A  mc_w.l(entry8b.o)
    0x080002a0   0x080002a0   0x00000008   Code   RO         6287    .ARM.Collect$$$$0000000B  mc_w.l(entry9a.o)
    0x080002a8   0x080002a8   0x00000000   Code   RO         6289    .ARM.Collect$$$$0000000D  mc_w.l(entry10a.o)
    0x080002a8   0x080002a8   0x00000000   Code   RO         6291    .ARM.Collect$$$$0000000F  mc_w.l(entry11a.o)
    0x080002a8   0x080002a8   0x00000004   Code   RO         6280    .ARM.Collect$$$$00002712  mc_w.l(entry2.o)
    0x080002ac   0x080002ac   0x00000024   Code   RO            4    .text               startup_stm32h743xx.o
    0x080002d0   0x080002d0   0x00000062   Code   RO         5920    .text               mc_w.l(uldiv.o)
    0x08000332   0x08000332   0x00000024   Code   RO         5922    .text               mc_w.l(memseta.o)
    0x08000356   0x08000356   0x0000002c   Code   RO         6294    .text               mc_w.l(uidiv.o)
    0x08000382   0x08000382   0x0000001e   Code   RO         6296    .text               mc_w.l(llshl.o)
    0x080003a0   0x080003a0   0x00000020   Code   RO         6298    .text               mc_w.l(llushr.o)
    0x080003c0   0x080003c0   0x00000000   Code   RO         6313    .text               mc_w.l(iusefp.o)
    0x080003c0   0x080003c0   0x0000014e   Code   RO         6314    .text               mf_w.l(dadd.o)
    0x0800050e   0x0800050e   0x000000e4   Code   RO         6316    .text               mf_w.l(dmul.o)
    0x080005f2   0x080005f2   0x000000de   Code   RO         6318    .text               mf_w.l(ddiv.o)
    0x080006d0   0x080006d0   0x0000002e   Code   RO         6320    .text               mf_w.l(dscalb.o)
    0x080006fe   0x080006fe   0x00000002   PAD
    0x08000700   0x08000700   0x00000088   Code   RO         6322    .text               mf_w.l(drnd.o)
    0x08000788   0x08000788   0x00000030   Code   RO         6324    .text               mf_w.l(dfixul.o)
    0x080007b8   0x080007b8   0x00000030   Code   RO         6326    .text               mf_w.l(cdrcmple.o)
    0x080007e8   0x080007e8   0x00000024   Code   RO         6328    .text               mc_w.l(init.o)
    0x0800080c   0x0800080c   0x00000024   Code   RO         6330    .text               mc_w.l(llsshr.o)
    0x08000830   0x08000830   0x000000ba   Code   RO         6332    .text               mf_w.l(depilogue.o)
    0x080008ea   0x080008ea   0x00000056   Code   RO         6342    .text               mc_w.l(__dczerorl2.o)
    0x08000940   0x08000940   0x00000160   Code   RO          792    i.ADC_ConfigureBoostMode  stm32h7xx_hal_adc.o
    0x08000aa0   0x08000aa0   0x00000114   Code   RO          793    i.ADC_ConversionStop  stm32h7xx_hal_adc.o
    0x08000bb4   0x08000bb4   0x00000092   Code   RO          794    i.ADC_DMAConvCplt   stm32h7xx_hal_adc.o
    0x08000c46   0x08000c46   0x0000001e   Code   RO          795    i.ADC_DMAError      stm32h7xx_hal_adc.o
    0x08000c64   0x08000c64   0x0000000e   Code   RO          796    i.ADC_DMAHalfConvCplt  stm32h7xx_hal_adc.o
    0x08000c72   0x08000c72   0x00000002   PAD
    0x08000c74   0x08000c74   0x00000088   Code   RO          797    i.ADC_Disable       stm32h7xx_hal_adc.o
    0x08000cfc   0x08000cfc   0x000000c0   Code   RO          798    i.ADC_Enable        stm32h7xx_hal_adc.o
    0x08000dbc   0x08000dbc   0x00000010   Code   RO          626    i.ADC_IRQHandler    stm32h7xx_it.o
    0x08000dcc   0x08000dcc   0x00000114   Code   RO           13    i.ADC_Process       user.o
    0x08000ee0   0x08000ee0   0x00000004   Code   RO          627    i.BusFault_Handler  stm32h7xx_it.o
    0x08000ee4   0x08000ee4   0x00000024   Code   RO           14    i.Check_str         user.o
    0x08000f08   0x08000f08   0x00000012   Code   RO         3807    i.DAC_DMAConvCpltCh1  stm32h7xx_hal_dac.o
    0x08000f1a   0x08000f1a   0x00000012   Code   RO         3951    i.DAC_DMAConvCpltCh2  stm32h7xx_hal_dac_ex.o
    0x08000f2c   0x08000f2c   0x0000001a   Code   RO         3808    i.DAC_DMAErrorCh1   stm32h7xx_hal_dac.o
    0x08000f46   0x08000f46   0x0000001a   Code   RO         3952    i.DAC_DMAErrorCh2   stm32h7xx_hal_dac_ex.o
    0x08000f60   0x08000f60   0x0000000e   Code   RO         3809    i.DAC_DMAHalfConvCpltCh1  stm32h7xx_hal_dac.o
    0x08000f6e   0x08000f6e   0x0000000e   Code   RO         3953    i.DAC_DMAHalfConvCpltCh2  stm32h7xx_hal_dac_ex.o
    0x08000f7c   0x08000f7c   0x00000090   Code   RO           15    i.DAC_PWM_Process   user.o
    0x0800100c   0x0800100c   0x00000010   Code   RO          628    i.DMA1_Stream0_IRQHandler  stm32h7xx_it.o
    0x0800101c   0x0800101c   0x00000010   Code   RO          629    i.DMA1_Stream1_IRQHandler  stm32h7xx_it.o
    0x0800102c   0x0800102c   0x00000010   Code   RO          630    i.DMA1_Stream2_IRQHandler  stm32h7xx_it.o
    0x0800103c   0x0800103c   0x000000ec   Code   RO         2030    i.DMA_CalcBaseAndBitshift  stm32h7xx_hal_dma.o
    0x08001128   0x08001128   0x000000c4   Code   RO         2031    i.DMA_CalcDMAMUXChannelBaseAndMask  stm32h7xx_hal_dma.o
    0x080011ec   0x080011ec   0x00000098   Code   RO         2032    i.DMA_CalcDMAMUXRequestGenBaseAndMask  stm32h7xx_hal_dma.o
    0x08001284   0x08001284   0x000000ae   Code   RO         2033    i.DMA_CheckFifoParam  stm32h7xx_hal_dma.o
    0x08001332   0x08001332   0x00000002   PAD
    0x08001334   0x08001334   0x00000274   Code   RO         2034    i.DMA_SetConfig     stm32h7xx_hal_dma.o
    0x080015a8   0x080015a8   0x00000002   Code   RO          631    i.DebugMon_Handler  stm32h7xx_it.o
    0x080015aa   0x080015aa   0x00000002   PAD
    0x080015ac   0x080015ac   0x00000090   Code   RO           16    i.Duty_Set          user.o
    0x0800163c   0x0800163c   0x00000006   Code   RO          265    i.Error_Handler     main.o
    0x08001642   0x08001642   0x00000002   PAD
    0x08001644   0x08001644   0x00000090   Code   RO           17    i.Freq_Set          user.o
    0x080016d4   0x080016d4   0x000000b8   Code   RO         1054    i.HAL_ADCEx_Calibration_Start  stm32h7xx_hal_adc_ex.o
    0x0800178c   0x0800178c   0x00000002   Code   RO         1058    i.HAL_ADCEx_EndOfSamplingCallback  stm32h7xx_hal_adc_ex.o
    0x0800178e   0x0800178e   0x00000002   Code   RO         1061    i.HAL_ADCEx_InjectedConvCpltCallback  stm32h7xx_hal_adc_ex.o
    0x08001790   0x08001790   0x00000002   Code   RO         1064    i.HAL_ADCEx_InjectedQueueOverflowCallback  stm32h7xx_hal_adc_ex.o
    0x08001792   0x08001792   0x00000002   Code   RO         1069    i.HAL_ADCEx_LevelOutOfWindow2Callback  stm32h7xx_hal_adc_ex.o
    0x08001794   0x08001794   0x00000002   Code   RO         1070    i.HAL_ADCEx_LevelOutOfWindow3Callback  stm32h7xx_hal_adc_ex.o
    0x08001796   0x08001796   0x00000002   PAD
    0x08001798   0x08001798   0x00000160   Code   RO         1074    i.HAL_ADCEx_MultiModeConfigChannel  stm32h7xx_hal_adc_ex.o
    0x080018f8   0x080018f8   0x0000053c   Code   RO          800    i.HAL_ADC_ConfigChannel  stm32h7xx_hal_adc.o
    0x08001e34   0x08001e34   0x00000018   Code   RO          632    i.HAL_ADC_ConvCpltCallback  stm32h7xx_it.o
    0x08001e4c   0x08001e4c   0x00000002   Code   RO          802    i.HAL_ADC_ConvHalfCpltCallback  stm32h7xx_hal_adc.o
    0x08001e4e   0x08001e4e   0x00000002   Code   RO          804    i.HAL_ADC_ErrorCallback  stm32h7xx_hal_adc.o
    0x08001e50   0x08001e50   0x00000358   Code   RO          808    i.HAL_ADC_IRQHandler  stm32h7xx_hal_adc.o
    0x080021a8   0x080021a8   0x0000028c   Code   RO          809    i.HAL_ADC_Init      stm32h7xx_hal_adc.o
    0x08002434   0x08002434   0x00000002   Code   RO          810    i.HAL_ADC_LevelOutOfWindowCallback  stm32h7xx_hal_adc.o
    0x08002436   0x08002436   0x00000002   PAD
    0x08002438   0x08002438   0x000000f0   Code   RO          375    i.HAL_ADC_MspInit   adc.o
    0x08002528   0x08002528   0x00000134   Code   RO          816    i.HAL_ADC_Start_DMA  stm32h7xx_hal_adc.o
    0x0800265c   0x0800265c   0x00000088   Code   RO          819    i.HAL_ADC_Stop_DMA  stm32h7xx_hal_adc.o
    0x080026e4   0x080026e4   0x00000002   Code   RO         3954    i.HAL_DACEx_ConvCpltCallbackCh2  stm32h7xx_hal_dac_ex.o
    0x080026e6   0x080026e6   0x00000002   Code   RO         3955    i.HAL_DACEx_ConvHalfCpltCallbackCh2  stm32h7xx_hal_dac_ex.o
    0x080026e8   0x080026e8   0x00000002   Code   RO         3963    i.HAL_DACEx_ErrorCallbackCh2  stm32h7xx_hal_dac_ex.o
    0x080026ea   0x080026ea   0x00000002   PAD
    0x080026ec   0x080026ec   0x000001b4   Code   RO         3810    i.HAL_DAC_ConfigChannel  stm32h7xx_hal_dac.o
    0x080028a0   0x080028a0   0x00000002   Code   RO         3811    i.HAL_DAC_ConvCpltCallbackCh1  stm32h7xx_hal_dac.o
    0x080028a2   0x080028a2   0x00000002   Code   RO         3812    i.HAL_DAC_ConvHalfCpltCallbackCh1  stm32h7xx_hal_dac.o
    0x080028a4   0x080028a4   0x00000002   Code   RO         3815    i.HAL_DAC_ErrorCallbackCh1  stm32h7xx_hal_dac.o
    0x080028a6   0x080028a6   0x00000028   Code   RO         3820    i.HAL_DAC_Init      stm32h7xx_hal_dac.o
    0x080028ce   0x080028ce   0x00000002   PAD
    0x080028d0   0x080028d0   0x000000c0   Code   RO          417    i.HAL_DAC_MspInit   dac.o
    0x08002990   0x08002990   0x00000144   Code   RO         3825    i.HAL_DAC_Start_DMA  stm32h7xx_hal_dac.o
    0x08002ad4   0x08002ad4   0x00000068   Code   RO         3827    i.HAL_DAC_Stop_DMA  stm32h7xx_hal_dac.o
    0x08002b3c   0x08002b3c   0x000004dc   Code   RO         2035    i.HAL_DMA_Abort     stm32h7xx_hal_dma.o
    0x08003018   0x08003018   0x00000398   Code   RO         2036    i.HAL_DMA_Abort_IT  stm32h7xx_hal_dma.o
    0x080033b0   0x080033b0   0x00000006   Code   RO         2038    i.HAL_DMA_GetError  stm32h7xx_hal_dma.o
    0x080033b6   0x080033b6   0x00000002   PAD
    0x080033b8   0x080033b8   0x00000af8   Code   RO         2040    i.HAL_DMA_IRQHandler  stm32h7xx_hal_dma.o
    0x08003eb0   0x08003eb0   0x00000520   Code   RO         2041    i.HAL_DMA_Init      stm32h7xx_hal_dma.o
    0x080043d0   0x080043d0   0x000003e0   Code   RO         2045    i.HAL_DMA_Start_IT  stm32h7xx_hal_dma.o
    0x080047b0   0x080047b0   0x00000028   Code   RO         2890    i.HAL_Delay         stm32h7xx_hal.o
    0x080047d8   0x080047d8   0x00000208   Code   RO         1883    i.HAL_GPIO_Init     stm32h7xx_hal_gpio.o
    0x080049e0   0x080049e0   0x0000000c   Code   RO         2905    i.HAL_GetREVID      stm32h7xx_hal.o
    0x080049ec   0x080049ec   0x0000000c   Code   RO         2906    i.HAL_GetTick       stm32h7xx_hal.o
    0x080049f8   0x080049f8   0x0000006a   Code   RO         3681    i.HAL_I2CEx_ConfigAnalogFilter  stm32h7xx_hal_i2c_ex.o
    0x08004a62   0x08004a62   0x00000068   Code   RO         3682    i.HAL_I2CEx_ConfigDigitalFilter  stm32h7xx_hal_i2c_ex.o
    0x08004aca   0x08004aca   0x00000002   PAD
    0x08004acc   0x08004acc   0x00000034   Code   RO         3685    i.HAL_I2CEx_EnableFastModePlus  stm32h7xx_hal_i2c_ex.o
    0x08004b00   0x08004b00   0x0000001c   Code   RO         3224    i.HAL_I2C_EV_IRQHandler  stm32h7xx_hal_i2c.o
    0x08004b1c   0x08004b1c   0x000000c4   Code   RO         3230    i.HAL_I2C_Init      stm32h7xx_hal_i2c.o
    0x08004be0   0x08004be0   0x00000160   Code   RO         3243    i.HAL_I2C_Master_Transmit  stm32h7xx_hal_i2c.o
    0x08004d40   0x08004d40   0x000000ec   Code   RO          483    i.HAL_I2C_MspInit   i2c.o
    0x08004e2c   0x08004e2c   0x00000018   Code   RO         2912    i.HAL_IncTick       stm32h7xx_hal.o
    0x08004e44   0x08004e44   0x00000060   Code   RO         2913    i.HAL_Init          stm32h7xx_hal.o
    0x08004ea4   0x08004ea4   0x00000058   Code   RO         2914    i.HAL_InitTick      stm32h7xx_hal.o
    0x08004efc   0x08004efc   0x0000002c   Code   RO          768    i.HAL_MspInit       stm32h7xx_hal_msp.o
    0x08004f28   0x08004f28   0x00000020   Code   RO         2743    i.HAL_NVIC_EnableIRQ  stm32h7xx_hal_cortex.o
    0x08004f48   0x08004f48   0x0000007a   Code   RO         2749    i.HAL_NVIC_SetPriority  stm32h7xx_hal_cortex.o
    0x08004fc2   0x08004fc2   0x00000002   PAD
    0x08004fc4   0x08004fc4   0x00000028   Code   RO         2750    i.HAL_NVIC_SetPriorityGrouping  stm32h7xx_hal_cortex.o
    0x08004fec   0x08004fec   0x00000060   Code   RO         2484    i.HAL_PWREx_ConfigSupply  stm32h7xx_hal_pwr_ex.o
    0x0800504c   0x0800504c   0x00000024   Code   RO         1434    i.HAL_RCCEx_GetD3PCLK1Freq  stm32h7xx_hal_rcc_ex.o
    0x08005070   0x08005070   0x00000230   Code   RO         1435    i.HAL_RCCEx_GetPLL1ClockFreq  stm32h7xx_hal_rcc_ex.o
    0x080052a0   0x080052a0   0x00000230   Code   RO         1436    i.HAL_RCCEx_GetPLL2ClockFreq  stm32h7xx_hal_rcc_ex.o
    0x080054d0   0x080054d0   0x00000230   Code   RO         1437    i.HAL_RCCEx_GetPLL3ClockFreq  stm32h7xx_hal_rcc_ex.o
    0x08005700   0x08005700   0x00000394   Code   RO         1439    i.HAL_RCCEx_GetPeriphCLKFreq  stm32h7xx_hal_rcc_ex.o
    0x08005a94   0x08005a94   0x00000b40   Code   RO         1443    i.HAL_RCCEx_PeriphCLKConfig  stm32h7xx_hal_rcc_ex.o
    0x080065d4   0x080065d4   0x00000320   Code   RO         1319    i.HAL_RCC_ClockConfig  stm32h7xx_hal_rcc.o
    0x080068f4   0x080068f4   0x0000004c   Code   RO         1324    i.HAL_RCC_GetHCLKFreq  stm32h7xx_hal_rcc.o
    0x08006940   0x08006940   0x00000024   Code   RO         1326    i.HAL_RCC_GetPCLK1Freq  stm32h7xx_hal_rcc.o
    0x08006964   0x08006964   0x00000024   Code   RO         1327    i.HAL_RCC_GetPCLK2Freq  stm32h7xx_hal_rcc.o
    0x08006988   0x08006988   0x0000022c   Code   RO         1328    i.HAL_RCC_GetSysClockFreq  stm32h7xx_hal_rcc.o
    0x08006bb4   0x08006bb4   0x000007e4   Code   RO         1331    i.HAL_RCC_OscConfig  stm32h7xx_hal_rcc.o
    0x08007398   0x08007398   0x00000034   Code   RO         2754    i.HAL_SYSTICK_Config  stm32h7xx_hal_cortex.o
    0x080073cc   0x080073cc   0x00000002   Code   RO         4804    i.HAL_TIMEx_Break2Callback  stm32h7xx_hal_tim_ex.o
    0x080073ce   0x080073ce   0x00000002   Code   RO         4805    i.HAL_TIMEx_BreakCallback  stm32h7xx_hal_tim_ex.o
    0x080073d0   0x080073d0   0x00000002   Code   RO         4806    i.HAL_TIMEx_CommutCallback  stm32h7xx_hal_tim_ex.o
    0x080073d2   0x080073d2   0x00000002   PAD
    0x080073d4   0x080073d4   0x000000c0   Code   RO         4826    i.HAL_TIMEx_MasterConfigSynchronization  stm32h7xx_hal_tim_ex.o
    0x08007494   0x08007494   0x0000006e   Code   RO         4079    i.HAL_TIM_Base_Init  stm32h7xx_hal_tim.o
    0x08007502   0x08007502   0x00000002   PAD
    0x08007504   0x08007504   0x00000124   Code   RO          525    i.HAL_TIM_Base_MspInit  tim.o
    0x08007628   0x08007628   0x0000003c   Code   RO         4082    i.HAL_TIM_Base_Start  stm32h7xx_hal_tim.o
    0x08007664   0x08007664   0x00000032   Code   RO         4085    i.HAL_TIM_Base_Stop  stm32h7xx_hal_tim.o
    0x08007696   0x08007696   0x00000002   PAD
    0x08007698   0x08007698   0x00000130   Code   RO         4088    i.HAL_TIM_ConfigClockSource  stm32h7xx_hal_tim.o
    0x080077c8   0x080077c8   0x00000002   Code   RO         4109    i.HAL_TIM_ErrorCallback  stm32h7xx_hal_tim.o
    0x080077ca   0x080077ca   0x00000002   PAD
    0x080077cc   0x080077cc   0x00000020   Code   RO          634    i.HAL_TIM_IC_CaptureCallback  stm32h7xx_it.o
    0x080077ec   0x080077ec   0x00000002   Code   RO         4114    i.HAL_TIM_IC_CaptureHalfCpltCallback  stm32h7xx_hal_tim.o
    0x080077ee   0x080077ee   0x000000d4   Code   RO         4115    i.HAL_TIM_IC_ConfigChannel  stm32h7xx_hal_tim.o
    0x080078c2   0x080078c2   0x0000006e   Code   RO         4118    i.HAL_TIM_IC_Init   stm32h7xx_hal_tim.o
    0x08007930   0x08007930   0x00000002   Code   RO         4120    i.HAL_TIM_IC_MspInit  stm32h7xx_hal_tim.o
    0x08007932   0x08007932   0x00000002   PAD
    0x08007934   0x08007934   0x00000228   Code   RO         4122    i.HAL_TIM_IC_Start_DMA  stm32h7xx_hal_tim.o
    0x08007b5c   0x08007b5c   0x000001b8   Code   RO         4127    i.HAL_TIM_IRQHandler  stm32h7xx_hal_tim.o
    0x08007d14   0x08007d14   0x00000060   Code   RO          526    i.HAL_TIM_MspPostInit  tim.o
    0x08007d74   0x08007d74   0x00000002   Code   RO         4130    i.HAL_TIM_OC_DelayElapsedCallback  stm32h7xx_hal_tim.o
    0x08007d76   0x08007d76   0x00000168   Code   RO         4151    i.HAL_TIM_PWM_ConfigChannel  stm32h7xx_hal_tim.o
    0x08007ede   0x08007ede   0x0000006e   Code   RO         4154    i.HAL_TIM_PWM_Init  stm32h7xx_hal_tim.o
    0x08007f4c   0x08007f4c   0x00000002   Code   RO         4156    i.HAL_TIM_PWM_MspInit  stm32h7xx_hal_tim.o
    0x08007f4e   0x08007f4e   0x00000002   Code   RO         4157    i.HAL_TIM_PWM_PulseFinishedCallback  stm32h7xx_hal_tim.o
    0x08007f50   0x08007f50   0x00000002   Code   RO         4165    i.HAL_TIM_PeriodElapsedCallback  stm32h7xx_hal_tim.o
    0x08007f52   0x08007f52   0x00000002   Code   RO         4170    i.HAL_TIM_TriggerCallback  stm32h7xx_hal_tim.o
    0x08007f54   0x08007f54   0x0000004e   Code   RO         5502    i.HAL_UARTEx_DisableFifoMode  stm32h7xx_hal_uart_ex.o
    0x08007fa2   0x08007fa2   0x00000028   Code   RO           18    i.HAL_UARTEx_ReceiveToIdle_DMA  user.o
    0x08007fca   0x08007fca   0x00000002   PAD
    0x08007fcc   0x08007fcc   0x0000001c   Code   RO          635    i.HAL_UARTEx_RxEventCallback  stm32h7xx_it.o
    0x08007fe8   0x08007fe8   0x00000002   Code   RO         5506    i.HAL_UARTEx_RxFifoFullCallback  stm32h7xx_hal_uart_ex.o
    0x08007fea   0x08007fea   0x0000005e   Code   RO         5507    i.HAL_UARTEx_SetRxFifoThreshold  stm32h7xx_hal_uart_ex.o
    0x08008048   0x08008048   0x0000005e   Code   RO         5508    i.HAL_UARTEx_SetTxFifoThreshold  stm32h7xx_hal_uart_ex.o
    0x080080a6   0x080080a6   0x00000002   Code   RO         5510    i.HAL_UARTEx_TxFifoEmptyCallback  stm32h7xx_hal_uart_ex.o
    0x080080a8   0x080080a8   0x00000002   Code   RO         5511    i.HAL_UARTEx_WakeupCallback  stm32h7xx_hal_uart_ex.o
    0x080080aa   0x080080aa   0x00000094   Code   RO         5115    i.HAL_UART_DMAStop  stm32h7xx_hal_uart.o
    0x0800813e   0x0800813e   0x00000002   Code   RO         5119    i.HAL_UART_ErrorCallback  stm32h7xx_hal_uart.o
    0x08008140   0x08008140   0x0000020c   Code   RO         5122    i.HAL_UART_IRQHandler  stm32h7xx_hal_uart.o
    0x0800834c   0x0800834c   0x00000078   Code   RO         5123    i.HAL_UART_Init     stm32h7xx_hal_uart.o
    0x080083c4   0x080083c4   0x000000ec   Code   RO          585    i.HAL_UART_MspInit  usart.o
    0x080084b0   0x080084b0   0x000000c8   Code   RO         5127    i.HAL_UART_Receive_DMA  stm32h7xx_hal_uart.o
    0x08008578   0x08008578   0x00000002   Code   RO         5130    i.HAL_UART_RxCpltCallback  stm32h7xx_hal_uart.o
    0x0800857a   0x0800857a   0x00000002   Code   RO         5131    i.HAL_UART_RxHalfCpltCallback  stm32h7xx_hal_uart.o
    0x0800857c   0x0800857c   0x000000d6   Code   RO         5132    i.HAL_UART_Transmit  stm32h7xx_hal_uart.o
    0x08008652   0x08008652   0x00000002   Code   RO         5135    i.HAL_UART_TxCpltCallback  stm32h7xx_hal_uart.o
    0x08008654   0x08008654   0x00000004   Code   RO          636    i.HardFault_Handler  stm32h7xx_it.o
    0x08008658   0x08008658   0x00000010   Code   RO          637    i.I2C2_EV_IRQHandler  stm32h7xx_it.o
    0x08008668   0x08008668   0x00000028   Code   RO         3277    i.I2C_Flush_TXDR    stm32h7xx_hal_i2c.o
    0x08008690   0x08008690   0x00000098   Code   RO         3285    i.I2C_IsAcknowledgeFailed  stm32h7xx_hal_i2c.o
    0x08008728   0x08008728   0x00000034   Code   RO         3292    i.I2C_TransferConfig  stm32h7xx_hal_i2c.o
    0x0800875c   0x0800875c   0x0000005e   Code   RO         3294    i.I2C_WaitOnFlagUntilTimeout  stm32h7xx_hal_i2c.o
    0x080087ba   0x080087ba   0x00000056   Code   RO         3296    i.I2C_WaitOnSTOPFlagUntilTimeout  stm32h7xx_hal_i2c.o
    0x08008810   0x08008810   0x0000005a   Code   RO         3297    i.I2C_WaitOnTXISFlagUntilTimeout  stm32h7xx_hal_i2c.o
    0x0800886a   0x0800886a   0x00000002   PAD
    0x0800886c   0x0800886c   0x00000010   Code   RO          821    i.LL_ADC_Enable     stm32h7xx_hal_adc.o
    0x0800887c   0x0800887c   0x0000000a   Code   RO          822    i.LL_ADC_GetMultiDMATransfer  stm32h7xx_hal_adc.o
    0x08008886   0x08008886   0x0000000a   Code   RO          823    i.LL_ADC_GetMultimode  stm32h7xx_hal_adc.o
    0x08008890   0x08008890   0x0000000a   Code   RO          824    i.LL_ADC_INJ_IsConversionOngoing  stm32h7xx_hal_adc.o
    0x0800889a   0x0800889a   0x0000000a   Code   RO          825    i.LL_ADC_IsDisableOngoing  stm32h7xx_hal_adc.o
    0x080088a4   0x080088a4   0x0000000a   Code   RO          826    i.LL_ADC_IsEnabled  stm32h7xx_hal_adc.o
    0x080088ae   0x080088ae   0x0000000a   Code   RO         1087    i.LL_ADC_IsEnabled  stm32h7xx_hal_adc_ex.o
    0x080088b8   0x080088b8   0x0000000a   Code   RO          827    i.LL_ADC_IsInternalRegulatorEnabled  stm32h7xx_hal_adc.o
    0x080088c2   0x080088c2   0x0000000a   Code   RO          828    i.LL_ADC_REG_IsConversionOngoing  stm32h7xx_hal_adc.o
    0x080088cc   0x080088cc   0x0000000a   Code   RO         1088    i.LL_ADC_REG_IsConversionOngoing  stm32h7xx_hal_adc_ex.o
    0x080088d6   0x080088d6   0x00000012   Code   RO          829    i.LL_ADC_REG_IsTriggerSourceSWStart  stm32h7xx_hal_adc.o
    0x080088e8   0x080088e8   0x00000010   Code   RO          830    i.LL_ADC_REG_StartConversion  stm32h7xx_hal_adc.o
    0x080088f8   0x080088f8   0x00000028   Code   RO          832    i.LL_ADC_SetChannelSamplingTime  stm32h7xx_hal_adc.o
    0x08008920   0x08008920   0x0000000c   Code   RO          833    i.LL_ADC_SetCommonPathInternalCh  stm32h7xx_hal_adc.o
    0x0800892c   0x0800892c   0x000000ac   Code   RO          376    i.MX_ADC1_Init      adc.o
    0x080089d8   0x080089d8   0x00000050   Code   RO          418    i.MX_DAC1_Init      dac.o
    0x08008a28   0x08008a28   0x00000070   Code   RO          458    i.MX_DMA_Init       dma.o
    0x08008a98   0x08008a98   0x000000d0   Code   RO          350    i.MX_GPIO_Init      gpio.o
    0x08008b68   0x08008b68   0x0000005c   Code   RO          484    i.MX_I2C2_Init      i2c.o
    0x08008bc4   0x08008bc4   0x000000a8   Code   RO          527    i.MX_TIM2_Init      tim.o
    0x08008c6c   0x08008c6c   0x000000a8   Code   RO          528    i.MX_TIM4_Init      tim.o
    0x08008d14   0x08008d14   0x00000050   Code   RO          529    i.MX_TIM6_Init      tim.o
    0x08008d64   0x08008d64   0x0000006c   Code   RO          586    i.MX_USART1_UART_Init  usart.o
    0x08008dd0   0x08008dd0   0x00000004   Code   RO          638    i.MemManage_Handler  stm32h7xx_it.o
    0x08008dd4   0x08008dd4   0x00000004   Code   RO          639    i.NMI_Handler       stm32h7xx_it.o
    0x08008dd8   0x08008dd8   0x0000002c   Code   RO         5637    i.OLED_Clear        oled.o
    0x08008e04   0x08008e04   0x00000098   Code   RO         5638    i.OLED_ClearArea    oled.o
    0x08008e9c   0x08008e9c   0x00000058   Code   RO         5644    i.OLED_DrawPoint    oled.o
    0x08008ef4   0x08008ef4   0x000000a8   Code   RO         5648    i.OLED_Init         oled.o
    0x08008f9c   0x08008f9c   0x00000014   Code   RO         5650    i.OLED_Pow          oled.o
    0x08008fb0   0x08008fb0   0x00000022   Code   RO         5654    i.OLED_SetCursor    oled.o
    0x08008fd2   0x08008fd2   0x00000002   PAD
    0x08008fd4   0x08008fd4   0x00000054   Code   RO         5656    i.OLED_ShowChar     oled.o
    0x08009028   0x08009028   0x000000c8   Code   RO         5657    i.OLED_ShowFloatNum  oled.o
    0x080090f0   0x080090f0   0x00000108   Code   RO         5659    i.OLED_ShowImage    oled.o
    0x080091f8   0x080091f8   0x0000004c   Code   RO         5660    i.OLED_ShowNum      oled.o
    0x08009244   0x08009244   0x0000002c   Code   RO         5665    i.OLED_Update       oled.o
    0x08009270   0x08009270   0x00000024   Code   RO         5667    i.OLED_WriteCommand  oled.o
    0x08009294   0x08009294   0x00000048   Code   RO         5668    i.OLED_WriteData    oled.o
    0x080092dc   0x080092dc   0x00000030   Code   RO           19    i.PWMWave_Generate  user.o
    0x0800930c   0x0800930c   0x00000002   Code   RO          640    i.PendSV_Handler    stm32h7xx_it.o
    0x0800930e   0x0800930e   0x00000026   Code   RO          266    i.PeriphCommonClock_Config  main.o
    0x08009334   0x08009334   0x00000164   Code   RO         1446    i.RCCEx_PLL2_Config  stm32h7xx_hal_rcc_ex.o
    0x08009498   0x08009498   0x00000164   Code   RO         1447    i.RCCEx_PLL3_Config  stm32h7xx_hal_rcc_ex.o
    0x080095fc   0x080095fc   0x00000002   Code   RO          641    i.SVC_Handler       stm32h7xx_it.o
    0x080095fe   0x080095fe   0x00000002   PAD
    0x08009600   0x08009600   0x00000078   Code   RO           20    i.SinWave_Generate  user.o
    0x08009678   0x08009678   0x00000008   Code   RO          642    i.SysTick_Handler   stm32h7xx_it.o
    0x08009680   0x08009680   0x00000140   Code   RO          267    i.SystemClock_Config  main.o
    0x080097c0   0x080097c0   0x00000104   Code   RO         5601    i.SystemInit        system_stm32h7xx.o
    0x080098c4   0x080098c4   0x00000010   Code   RO          643    i.TIM2_IRQHandler   stm32h7xx_it.o
    0x080098d4   0x080098d4   0x000000f4   Code   RO           21    i.TIM2_Process      user.o
    0x080099c8   0x080099c8   0x000000cc   Code   RO         4172    i.TIM_Base_SetConfig  stm32h7xx_hal_tim.o
    0x08009a94   0x08009a94   0x00000022   Code   RO         4173    i.TIM_CCxChannelCmd  stm32h7xx_hal_tim.o
    0x08009ab6   0x08009ab6   0x0000007a   Code   RO         4174    i.TIM_DMACaptureCplt  stm32h7xx_hal_tim.o
    0x08009b30   0x08009b30   0x00000040   Code   RO         4175    i.TIM_DMACaptureHalfCplt  stm32h7xx_hal_tim.o
    0x08009b70   0x08009b70   0x0000005e   Code   RO         4178    i.TIM_DMAError      stm32h7xx_hal_tim.o
    0x08009bce   0x08009bce   0x00000016   Code   RO         4183    i.TIM_ETR_SetConfig  stm32h7xx_hal_tim.o
    0x08009be4   0x08009be4   0x00000018   Code   RO         4184    i.TIM_ITRx_SetConfig  stm32h7xx_hal_tim.o
    0x08009bfc   0x08009bfc   0x000000ac   Code   RO         4185    i.TIM_OC1_SetConfig  stm32h7xx_hal_tim.o
    0x08009ca8   0x08009ca8   0x000000b4   Code   RO         4186    i.TIM_OC2_SetConfig  stm32h7xx_hal_tim.o
    0x08009d5c   0x08009d5c   0x000000b0   Code   RO         4187    i.TIM_OC3_SetConfig  stm32h7xx_hal_tim.o
    0x08009e0c   0x08009e0c   0x00000070   Code   RO         4188    i.TIM_OC4_SetConfig  stm32h7xx_hal_tim.o
    0x08009e7c   0x08009e7c   0x0000006c   Code   RO         4189    i.TIM_OC5_SetConfig  stm32h7xx_hal_tim.o
    0x08009ee8   0x08009ee8   0x0000006c   Code   RO         4190    i.TIM_OC6_SetConfig  stm32h7xx_hal_tim.o
    0x08009f54   0x08009f54   0x00000018   Code   RO           22    i.TIM_SUM           user.o
    0x08009f6c   0x08009f6c   0x00000026   Code   RO         4192    i.TIM_TI1_ConfigInputStage  stm32h7xx_hal_tim.o
    0x08009f92   0x08009f92   0x00000002   PAD
    0x08009f94   0x08009f94   0x00000090   Code   RO         4193    i.TIM_TI1_SetConfig  stm32h7xx_hal_tim.o
    0x0800a024   0x0800a024   0x00000028   Code   RO         4194    i.TIM_TI2_ConfigInputStage  stm32h7xx_hal_tim.o
    0x0800a04c   0x0800a04c   0x0000003a   Code   RO         4195    i.TIM_TI2_SetConfig  stm32h7xx_hal_tim.o
    0x0800a086   0x0800a086   0x00000038   Code   RO         4196    i.TIM_TI3_SetConfig  stm32h7xx_hal_tim.o
    0x0800a0be   0x0800a0be   0x0000003c   Code   RO         4197    i.TIM_TI4_SetConfig  stm32h7xx_hal_tim.o
    0x0800a0fa   0x0800a0fa   0x00000002   PAD
    0x0800a0fc   0x0800a0fc   0x0000006c   Code   RO           23    i.TrgWave_Generate  user.o
    0x0800a168   0x0800a168   0x00000070   Code   RO         5512    i.UARTEx_SetNbDataToProcess  stm32h7xx_hal_uart_ex.o
    0x0800a1d8   0x0800a1d8   0x000000f8   Code   RO         5137    i.UART_AdvFeatureConfig  stm32h7xx_hal_uart.o
    0x0800a2d0   0x0800a2d0   0x00000074   Code   RO         5138    i.UART_CheckIdleState  stm32h7xx_hal_uart.o
    0x0800a344   0x0800a344   0x00000018   Code   RO         5139    i.UART_DMAAbortOnError  stm32h7xx_hal_uart.o
    0x0800a35c   0x0800a35c   0x0000005e   Code   RO         5140    i.UART_DMAError     stm32h7xx_hal_uart.o
    0x0800a3ba   0x0800a3ba   0x00000046   Code   RO         5141    i.UART_DMAReceiveCplt  stm32h7xx_hal_uart.o
    0x0800a400   0x0800a400   0x0000000e   Code   RO         5143    i.UART_DMARxHalfCplt  stm32h7xx_hal_uart.o
    0x0800a40e   0x0800a40e   0x00000002   PAD
    0x0800a410   0x0800a410   0x00000028   Code   RO         5149    i.UART_EndRxTransfer  stm32h7xx_hal_uart.o
    0x0800a438   0x0800a438   0x00000022   Code   RO         5150    i.UART_EndTransmit_IT  stm32h7xx_hal_uart.o
    0x0800a45a   0x0800a45a   0x00000020   Code   RO         5151    i.UART_EndTxTransfer  stm32h7xx_hal_uart.o
    0x0800a47a   0x0800a47a   0x00000002   PAD
    0x0800a47c   0x0800a47c   0x000000e8   Code   RO           24    i.UART_Process      user.o
    0x0800a564   0x0800a564   0x0000059c   Code   RO         5156    i.UART_SetConfig    stm32h7xx_hal_uart.o
    0x0800ab00   0x0800ab00   0x000000be   Code   RO         5161    i.UART_WaitOnFlagUntilTimeout  stm32h7xx_hal_uart.o
    0x0800abbe   0x0800abbe   0x00000002   PAD
    0x0800abc0   0x0800abc0   0x0000013c   Code   RO          644    i.USART1_IRQHandler  stm32h7xx_it.o
    0x0800acfc   0x0800acfc   0x00000004   Code   RO          645    i.UsageFault_Handler  stm32h7xx_it.o
    0x0800ad00   0x0800ad00   0x00000020   Code   RO         6159    i.__0printf         mc_w.l(printfa.o)
    0x0800ad20   0x0800ad20   0x00000030   Code   RO         6251    i.__ARM_fpclassify  m_wv.l(fpclassify.o)
    0x0800ad50   0x0800ad50   0x00000010   Code   RO         2756    i.__NVIC_GetPriorityGrouping  stm32h7xx_hal_cortex.o
    0x0800ad60   0x0800ad60   0x00000028   Code   RO         2757    i.__NVIC_SetPriority  stm32h7xx_hal_cortex.o
    0x0800ad88   0x0800ad88   0x000008f8   Code   RO         5887    i.__hardfp_pow      m_wv.l(pow.o)
    0x0800b680   0x0800b680   0x000000a0   Code   RO         5901    i.__hardfp_round    m_wv.l(round.o)
    0x0800b720   0x0800b720   0x000000b0   Code   RO         5905    i.__hardfp_sin      m_wv.l(sin.o)
    0x0800b7d0   0x0800b7d0   0x00000310   Code   RO         6256    i.__ieee754_rem_pio2  m_wv.l(rred.o)
    0x0800bae0   0x0800bae0   0x000000e0   Code   RO         6228    i.__kernel_cos      m_wv.l(cos_i.o)
    0x0800bbc0   0x0800bbc0   0x00000070   Code   RO         6253    i.__kernel_poly     m_wv.l(poly.o)
    0x0800bc30   0x0800bc30   0x000000a8   Code   RO         6261    i.__kernel_sin      m_wv.l(sin_i.o)
    0x0800bcd8   0x0800bcd8   0x00000020   Code   RO         6231    i.__mathlib_dbl_divzero  m_wv.l(dunder.o)
    0x0800bcf8   0x0800bcf8   0x00000006   Code   RO         6233    i.__mathlib_dbl_infnan2  m_wv.l(dunder.o)
    0x0800bcfe   0x0800bcfe   0x00000002   PAD
    0x0800bd00   0x0800bd00   0x00000018   Code   RO         6234    i.__mathlib_dbl_invalid  m_wv.l(dunder.o)
    0x0800bd18   0x0800bd18   0x00000018   Code   RO         6235    i.__mathlib_dbl_overflow  m_wv.l(dunder.o)
    0x0800bd30   0x0800bd30   0x00000018   Code   RO         6237    i.__mathlib_dbl_underflow  m_wv.l(dunder.o)
    0x0800bd48   0x0800bd48   0x0000000e   Code   RO         6336    i.__scatterload_copy  mc_w.l(handlers.o)
    0x0800bd56   0x0800bd56   0x00000002   Code   RO         6337    i.__scatterload_null  mc_w.l(handlers.o)
    0x0800bd58   0x0800bd58   0x0000000e   Code   RO         6338    i.__scatterload_zeroinit  mc_w.l(handlers.o)
    0x0800bd66   0x0800bd66   0x00000002   PAD
    0x0800bd68   0x0800bd68   0x0000000c   Code   RO         6308    i.__set_errno       mc_w.l(errno.o)
    0x0800bd74   0x0800bd74   0x00000184   Code   RO         6166    i._fp_digits        mc_w.l(printfa.o)
    0x0800bef8   0x0800bef8   0x000006dc   Code   RO         6167    i._printf_core      mc_w.l(printfa.o)
    0x0800c5d4   0x0800c5d4   0x00000024   Code   RO         6168    i._printf_post_padding  mc_w.l(printfa.o)
    0x0800c5f8   0x0800c5f8   0x0000002e   Code   RO         6169    i._printf_pre_padding  mc_w.l(printfa.o)
    0x0800c626   0x0800c626   0x00000018   Code   RO         6247    i.fabs              m_wv.l(fabs.o)
    0x0800c63e   0x0800c63e   0x00000002   PAD
    0x0800c640   0x0800c640   0x0000001c   Code   RO          269    i.fputc             main.o
    0x0800c65c   0x0800c65c   0x00000050   Code   RO         6186    i.free              mc_w.l(malloc.o)
    0x0800c6ac   0x0800c6ac   0x0000009c   Code   RO          270    i.main              main.o
    0x0800c748   0x0800c748   0x0000006c   Code   RO         6187    i.malloc            mc_w.l(malloc.o)
    0x0800c7b4   0x0800c7b4   0x0000006a   Code   RO         6269    i.sqrt              m_wv.l(sqrt.o)
    0x0800c81e   0x0800c81e   0x0000001f   Data   RO           27    .constdata          user.o
    0x0800c83d   0x0800c83d   0x00000008   Data   RO         2047    .constdata          stm32h7xx_hal_dma.o
    0x0800c845   0x0800c845   0x00000001   PAD
    0x0800c846   0x0800c846   0x00000018   Data   RO         5162    .constdata          stm32h7xx_hal_uart.o
    0x0800c85e   0x0800c85e   0x00000010   Data   RO         5602    .constdata          system_stm32h7xx.o
    0x0800c86e   0x0800c86e   0x00000d4d   Data   RO         5863    .constdata          oled_data.o
    0x0800d5bb   0x0800d5bb   0x00000005   PAD
    0x0800d5c0   0x0800d5c0   0x00000088   Data   RO         5890    .constdata          m_wv.l(pow.o)
    0x0800d648   0x0800d648   0x00000030   Data   RO         6229    .constdata          m_wv.l(cos_i.o)
    0x0800d678   0x0800d678   0x00000008   Data   RO         6255    .constdata          m_wv.l(qnan.o)
    0x0800d680   0x0800d680   0x000000c8   Data   RO         6258    .constdata          m_wv.l(rred.o)
    0x0800d748   0x0800d748   0x00000028   Data   RO         6262    .constdata          m_wv.l(sin_i.o)
    0x0800d770   0x0800d770   0x00000020   Data   RO         6334    Region$$Table       anon$$obj.o


    Execution Region RW_IRAM1 (Exec base: 0x20000000, Load base: 0x0800d790, Size: 0x00000000, Max: 0x00020000, ABSOLUTE)

    **** No section assigned to this execution region ****


    Execution Region RW_IRAM2 (Exec base: 0x24000000, Load base: 0x0800d790, Size: 0x00001440, Max: 0x00080000, ABSOLUTE, COMPRESSED[0x0000001c])

    Exec Addr    Load Addr    Size         Type   Attr      Idx    E Section Name        Object

    0x24000000   COMPRESSED   0x00000258   Data   RW           25    .RAM_D1             user.o
    0x24000258   COMPRESSED   0x00000100   Data   RW          271    .RAM_D2             main.o
    0x24000358   COMPRESSED   0x0000000c   Data   RW           28    .data               user.o
    0x24000364   COMPRESSED   0x00000003   Data   RW          272    .data               main.o
    0x24000367   COMPRESSED   0x00000001   PAD
    0x24000368   COMPRESSED   0x00000009   Data   RW         2935    .data               stm32h7xx_hal.o
    0x24000371   COMPRESSED   0x00000003   PAD
    0x24000374   COMPRESSED   0x00000008   Data   RW         5603    .data               system_stm32h7xx.o
    0x2400037c   COMPRESSED   0x0000000f   Data   RW         5670    .data               oled.o
    0x2400038b   COMPRESSED   0x00000001   PAD
    0x2400038c   COMPRESSED   0x00000004   Data   RW         6293    .data               mc_w.l(stdout.o)
    0x24000390   COMPRESSED   0x00000004   Data   RW         6304    .data               mc_w.l(mvars.o)
    0x24000394   COMPRESSED   0x00000004   Data   RW         6305    .data               mc_w.l(mvars.o)
    0x24000398   COMPRESSED   0x00000004   Data   RW         6309    .data               mc_w.l(errno.o)
    0x2400039c        -       0x00000014   Zero   RW           26    .bss                user.o
    0x240003b0        -       0x000000dc   Zero   RW          377    .bss                adc.o
    0x2400048c        -       0x0000008c   Zero   RW          419    .bss                dac.o
    0x24000518        -       0x000000c4   Zero   RW          485    .bss                i2c.o
    0x240005dc        -       0x0000015c   Zero   RW          530    .bss                tim.o
    0x24000738        -       0x00000104   Zero   RW          587    .bss                usart.o
    0x2400083c   COMPRESSED   0x00000004   PAD
    0x24000840        -       0x00000800   Zero   RW            2    HEAP                startup_stm32h743xx.o
    0x24001040        -       0x00000400   Zero   RW            1    STACK               startup_stm32h743xx.o


==============================================================================

Image component sizes


      Code (inc. data)   RO Data    RW Data    ZI Data      Debug   Object Name

       412         34          0          0        220       2043   adc.o
       272         30          0          0        140       1851   dac.o
       112          6          0          0          0        894   dma.o
       208         12          0          0          0       1103   gpio.o
       328         32          0          0        196       1870   i2c.o
       548         40          0        259          0       5259   main.o
      1282         58          0         15          0      10702   oled.o
         0          0       3405          0          0       1258   oled_data.o
        36          8        664          0       3072        816   startup_stm32h743xx.o
       272         52          0          9          0      23216   stm32h7xx_hal.o
      4616        250          0          0          0      82405   stm32h7xx_hal_adc.o
       566         32          0          0          0      66590   stm32h7xx_hal_adc_ex.o
       302         22          0          0          0      39279   stm32h7xx_hal_cortex.o
       968         30          0          0          0       7641   stm32h7xx_hal_dac.o
        64          0          0          0          0       4057   stm32h7xx_hal_dac_ex.o
      8668        166          8          0          0      13673   stm32h7xx_hal_dma.o
       520         52          0          0          0       1768   stm32h7xx_hal_gpio.o
      1090         16          0          0          0       8881   stm32h7xx_hal_i2c.o
       262         10          0          0          0       2658   stm32h7xx_hal_i2c_ex.o
        44          6          0          0          0        894   stm32h7xx_hal_msp.o
        96          6          0          0          0        753   stm32h7xx_hal_pwr_ex.o
      3524        108          0          0          0       6796   stm32h7xx_hal_rcc.o
      6224        160          0          0          0       9855   stm32h7xx_hal_rcc_ex.o
      4140        238          0          0          0      26811   stm32h7xx_hal_tim.o
       198         26          0          0          0       3116   stm32h7xx_hal_tim_ex.o
      3512        146         24          0          0      34277   stm32h7xx_hal_uart.o
       384         18          0          0          0       5362   stm32h7xx_hal_uart_ex.o
       530         78          0          0          0       9967   stm32h7xx_it.o
       260         40         16          8          0       1386   system_stm32h7xx.o
       804         66          0          0        348       4008   tim.o
       344         30          0          0        260       1921   usart.o
      1560        208         31        612         20    1317491   user.o

    ----------------------------------------------------------------------
     42196       1980       4186        908       4260    1698601   Object Totals
         0          0         32          0          0          0   (incl. Generated)
        50          0          6          5          4          0   (incl. Padding)

    ----------------------------------------------------------------------

      Code (inc. data)   RO Data    RW Data    ZI Data      Debug   Library Member Name

       224         42         48          0          0        184   cos_i.o
       110         60          0          0          0        580   dunder.o
        24          0          0          0          0        124   fabs.o
        48          0          0          0          0        124   fpclassify.o
       112          0          0          0          0        116   poly.o
      2296        304        136          0          0        320   pow.o
         0          0          8          0          0          0   qnan.o
       160         24          0          0          0        132   round.o
       784        138        200          0          0        172   rred.o
       176         18          0          0          0        160   sin.o
       168         24         40          0          0        196   sin_i.o
       106          0          0          0          0        140   sqrt.o
        86          0          0          0          0          0   __dczerorl2.o
         0          0          0          0          0          0   entry.o
         0          0          0          0          0          0   entry10a.o
         0          0          0          0          0          0   entry11a.o
         8          4          0          0          0          0   entry2.o
         4          0          0          0          0          0   entry5.o
         0          0          0          0          0          0   entry7b.o
         0          0          0          0          0          0   entry8b.o
         8          4          0          0          0          0   entry9a.o
        12          6          0          4          0         68   errno.o
        30          0          0          0          0          0   handlers.o
        36          8          0          0          0         68   init.o
         0          0          0          0          0          0   iusefp.o
        30          0          0          0          0         68   llshl.o
        36          0          0          0          0         68   llsshr.o
        32          0          0          0          0         68   llushr.o
       188         20          0          0          0        160   malloc.o
        36          0          0          0          0        108   memseta.o
         0          0          0          8          0          0   mvars.o
      2258         90          0          0          0        452   printfa.o
         0          0          0          4          0          0   stdout.o
        44          0          0          0          0         80   uidiv.o
        98          0          0          0          0         92   uldiv.o
        48          0          0          0          0         68   cdrcmple.o
       334          0          0          0          0        148   dadd.o
       222          0          0          0          0        100   ddiv.o
       186          0          0          0          0        176   depilogue.o
        48          0          0          0          0         68   dfixul.o
       228          0          0          0          0         96   dmul.o
       136          4          0          0          0         92   drnd.o
        46          0          0          0          0         80   dscalb.o

    ----------------------------------------------------------------------
      8370        746        432         16          0       4308   Library Totals
         8          0          0          0          0          0   (incl. Padding)

    ----------------------------------------------------------------------

      Code (inc. data)   RO Data    RW Data    ZI Data      Debug   Library Name

      4208        610        432          0          0       2248   m_wv.l
      2906        132          0         16          0       1232   mc_w.l
      1248          4          0          0          0        828   mf_w.l

    ----------------------------------------------------------------------
      8370        746        432         16          0       4308   Library Totals

    ----------------------------------------------------------------------

==============================================================================


      Code (inc. data)   RO Data    RW Data    ZI Data      Debug   

     50566       2726       4618        924       4260    1677753   Grand Totals
     50566       2726       4618         28       4260    1677753   ELF Image Totals (compressed)
     50566       2726       4618         28          0          0   ROM Totals

==============================================================================

    Total RO  Size (Code + RO Data)                55184 (  53.89kB)
    Total RW  Size (RW Data + ZI Data)              5184 (   5.06kB)
    Total ROM Size (Code + RO Data + RW Data)      55212 (  53.92kB)

==============================================================================

